🔄 ===========================================
🔄 BTC 市场分析自动更新脚本
🔄 ===========================================

📊 [1/5] 运行 BTC 市场分析...
[2026-02-22 01:00:02.651218] 开始 BTC 市场分析...
  1. 获取价格数据...
  2. 获取恐慌贪婪指数...
  3. 计算技术指标...
  4. 分析市场情绪...
  5. 生成交易策略...
  6. 记录交易信号...
  [交易记录] 当前策略: HOLD - 不记录交易
  7. 生成报告...
  8. 保存报告...
  ✅ 报告已保存: /root/.openclaw/workspace/reports/btc_report_20260222_010003.txt
  9. 生成回测汇总...


📊 BTC 市场分析与交易策略报告
==================================================

🕐 报告时间: 2026-02-22 01:00:03

💰 当前价格
  • BTC/USD: $68,306.00
  • BTC/CNY: ¥471,910
  • 24h涨跌: +0.77%

📈 技术指标
  • SMA 6小时: $68,297.33
  • SMA 12小时: $68,299.35
  • RSI (14): 44.76
  • 波动率: $134
  • 价格位置: 32.2% (24h)

🎭 市场情绪: 偏多
  • 恐慌贪婪指数: 8 - Extreme Fear
  • 情绪评分: 2

  分析因素:
  • 极度恐慌: Extreme Fear (8) - 可能是买入机会
  • 24h变化 0.77% - 震荡整理
  • RSI 44.76 - 偏弱
  • 价格位置 32.2%

🎯 1小时交易策略
  • 建议操作: HOLD
  • 策略描述: 当前方向不明，建议观望等待明确信号
  • 风险等级: low

  价格点位:
  • 支撑位: $68,272.38
  • 阻力位: $68,339.62

  策略理由:
  • 价格在均线附近震荡
  • 信号模糊，建议观望

⚠️ 风险提示
  • 加密货币市场波动极大，请严格控制仓位
  • 本报告仅供参考，不构成投资建议
  • 交易有风险，投资需谨慎

==================================================


📊 回测统计
----------------------------------------
• 总收益率        : 0.87%
• 年化收益率       : 86.65%
• 最大回撤        : 2.21%
• 回撤持续时间      : 31.03 小时
• 夏普比率        : 2.5768
• 总交易次数       : 9
• 胜率          : 22.22%
• 初始资金        : $10,000
• 最终资金        : $10,087

================================================================================

[2026-02-22 01:00:03.777728] 分析完成!
✅ BTC 市场分析完成

🔄 [2/5] 更新 Git 仓库...
✅ Git add 完成

📝 [3/5] 提交更改到 Git...
[master ba989e2] Update BTC 市场分析报告 - 2026-02-22 01:00:03
 3 files changed, 146 insertions(+)
 create mode 100644 auto_update.log
 create mode 100644 reports/btc_backtest_report_20260222_010003.txt
 create mode 100644 reports/btc_report_20260222_010003.txt
✅ Git commit 完成

🚀 [4/5] 推送到 GitHub Pages...
Warning: Permanently added the ECDSA host key for IP address '140.82.112.3' to the list of known hosts.
To github.com:violayifan/btc-tracker-report.git
   7259290..ba989e2  master -> master
✅ 推送到 GitHub 成功

🔍 [5/5] 验证推送状态...
✅ 推送验证成功
✅ 本地和远程提交一致: ba989e26c15e80fe9f8705e72f93a32391ad5c68

🌐 ===========================================
🌐 网站地址: https://violayifan.github.io/btc-tracker-report
🌐 ===========================================

✅ ===========================================
✅ BTC 市场分析报告已自动更新
✅ ===========================================

📊 更新摘要
   • BTC 市场分析: ✅ 完成
   • Git 仓库更新: ✅ 完成
   • GitHub Pages 部署: ✅ 完成

🕐 更新时间: 2026-02-22 01:00:03

🔄 ===========================================
🔄 BTC 市场分析自动更新脚本
🔄 ===========================================

📊 [1/5] 运行 BTC 市场分析...
[2026-02-22 02:00:02.318581] 开始 BTC 市场分析...
  1. 获取价格数据...
  2. 获取恐慌贪婪指数...
  3. 计算技术指标...
  4. 分析市场情绪...
  5. 生成交易策略...
  6. 记录交易信号...
[BTC Tracker] 记录交易: LONG @ $68395
  7. 生成报告...
  8. 保存报告...
  ✅ 报告已保存: /root/.openclaw/workspace/reports/btc_report_20260222_020004.txt
  9. 生成回测汇总...


📊 BTC 市场分析与交易策略报告
==================================================

🕐 报告时间: 2026-02-22 02:00:04

💰 当前价格
  • BTC/USD: $68,395.00
  • BTC/CNY: ¥472,521
  • 24h涨跌: +1.20%

📈 技术指标
  • SMA 6小时: $68,374.99
  • SMA 12小时: $68,322.27
  • RSI (14): 42.50
  • 波动率: $69
  • 价格位置: 97.7% (24h)

🎭 市场情绪: 偏多
  • 恐慌贪婪指数: 8 - Extreme Fear
  • 情绪评分: 2

  分析因素:
  • 极度恐慌: Extreme Fear (8) - 可能是买入机会
  • 24h变化 1.20% - 震荡整理
  • RSI 42.50 - 偏弱
  • 价格位置 97.7% - 接近24h高位
  • 低波动率 (69) - 可能突破

🎯 1小时交易策略
  • 建议操作: LONG
  • 策略描述: 建议做多，关注上方阻力位突破
  • 风险等级: low

  价格点位:
  • 支撑位: $68,377.64
  • 阻力位: N/A
  • 止损位: $68,360.27
  • 止盈位: $68,464.45

  策略理由:
  • 价格站上短期均线，上升趋势
  • 上升趋势 + 多头情绪 + RSI未超买 = 适当做多机会

⚠️ 风险提示
  • 加密货币市场波动极大，请严格控制仓位
  • 本报告仅供参考，不构成投资建议
  • 交易有风险，投资需谨慎

==================================================


📊 回测统计
----------------------------------------
• 总收益率        : 1.2%
• 年化收益率       : 120.39%
• 最大回撤        : 2.21%
• 回撤持续时间      : 32.03 小时
• 夏普比率        : 3.6676
• 总交易次数       : 9
• 胜率          : 22.22%
• 初始资金        : $10,000
• 最终资金        : $10,120

================================================================================

[2026-02-22 02:00:04.545317] 分析完成!
✅ BTC 市场分析完成

🔄 [2/5] 更新 Git 仓库...
✅ Git add 完成

📝 [3/5] 提交更改到 Git...
[master d8b23ed] Update BTC 市场分析报告 - 2026-02-22 02:00:04
 4 files changed, 161 insertions(+)
 create mode 100644 reports/btc_backtest_report_20260222_020004.txt
 create mode 100644 reports/btc_report_20260222_020004.txt
✅ Git commit 完成

🚀 [4/5] 推送到 GitHub Pages...
To github.com:violayifan/btc-tracker-report.git
   183470d..d8b23ed  master -> master
✅ 推送到 GitHub 成功

🔍 [5/5] 验证推送状态...
✅ 推送验证成功
✅ 本地和远程提交一致: d8b23ed16876ba43cbe3c8ec61d4554eba1f0d48

🌐 ===========================================
🌐 网站地址: https://violayifan.github.io/btc-tracker-report
🌐 ===========================================

✅ ===========================================
✅ BTC 市场分析报告已自动更新
✅ ===========================================

📊 更新摘要
   • BTC 市场分析: ✅ 完成
   • Git 仓库更新: ✅ 完成
   • GitHub Pages 部署: ✅ 完成

🕐 更新时间: 2026-02-22 02:00:04

🔄 ===========================================
🔄 BTC 市场分析自动更新脚本
🔄 ===========================================

📊 [1/5] 运行 BTC 市场分析...
[2026-02-22 03:00:01.817335] 开始 BTC 市场分析...
  1. 获取价格数据...
  2. 获取恐慌贪婪指数...
  3. 计算技术指标...
  4. 分析市场情绪...
  5. 生成交易策略...
  6. 记录交易信号...
[BTC Tracker] 记录交易: WAIT_PULLBACK @ $68563
  7. 生成报告...
  8. 保存报告...
  ✅ 报告已保存: /root/.openclaw/workspace/reports/btc_report_20260222_030002.txt
  9. 生成回测汇总...


📊 BTC 市场分析与交易策略报告
==================================================

🕐 报告时间: 2026-02-22 03:00:02

💰 当前价格
  • BTC/USD: $68,563.00
  • BTC/CNY: ¥473,686
  • 24h涨跌: +0.95%

📈 技术指标
  • SMA 6小时: $68,553.22
  • SMA 12小时: $68,491.72
  • RSI (14): 71.90
  • 波动率: $109
  • 价格位置: 95.8% (24h)

🎭 市场情绪: 偏多
  • 恐慌贪婪指数: 8 - Extreme Fear
  • 情绪评分: 2

  分析因素:
  • 极度恐慌: Extreme Fear (8) - 可能是买入机会
  • 24h变化 0.95% - 震荡整理
  • RSI 71.90 - 超买区域，注意回调
  • 价格位置 95.8% - 接近24h高位

🎯 1小时交易策略
  • 建议操作: WAIT_PULLBACK
  • 策略描述: 等待回调后再考虑做多
  • 风险等级: low

  价格点位:
  • 支撑位: $68,535.58
  • 阻力位: $68,590.42

  策略理由:
  • 价格站上短期均线，上升趋势
  • RSI超买，等待回调后再入场

⚠️ 风险提示
  • 加密货币市场波动极大，请严格控制仓位
  • 本报告仅供参考，不构成投资建议
  • 交易有风险，投资需谨慎

==================================================


📊 回测统计
----------------------------------------
• 总收益率        : 1.45%
• 年化收益率       : 145.24%
• 最大回撤        : 2.21%
• 回撤持续时间      : 33.03 小时
• 夏普比率        : 4.5261
• 总交易次数       : 9
• 胜率          : 22.22%
• 初始资金        : $10,000
• 最终资金        : $10,145

================================================================================

[2026-02-22 03:00:02.617438] 分析完成!
✅ BTC 市场分析完成

🔄 [2/5] 更新 Git 仓库...
✅ Git add 完成

📝 [3/5] 提交更改到 Git...
[master 2652503] Update BTC 市场分析报告 - 2026-02-22 03:00:02
 6 files changed, 261 insertions(+)
 create mode 100644 reports/btc_backtest_report_20260222_020027.txt
 create mode 100644 reports/btc_backtest_report_20260222_030002.txt
 create mode 100644 reports/btc_report_20260222_020027.txt
 create mode 100644 reports/btc_report_20260222_030002.txt
✅ Git commit 完成

🚀 [4/5] 推送到 GitHub Pages...
To github.com:violayifan/btc-tracker-report.git
   d8b23ed..2652503  master -> master
✅ 推送到 GitHub 成功

🔍 [5/5] 验证推送状态...
✅ 推送验证成功
✅ 本地和远程提交一致: 2652503065d39060efff6e4b127bfbf25e572867

🌐 ===========================================
🌐 网站地址: https://violayifan.github.io/btc-tracker-report
🌐 ===========================================

✅ ===========================================
✅ BTC 市场分析报告已自动更新
✅ ===========================================

📊 更新摘要
   • BTC 市场分析: ✅ 完成
   • Git 仓库更新: ✅ 完成
   • GitHub Pages 部署: ✅ 完成

🕐 更新时间: 2026-02-22 03:00:02

🔄 ===========================================
🔄 BTC 市场分析自动更新脚本
🔄 ===========================================

📊 [1/5] 运行 BTC 市场分析...
[2026-02-22 04:00:01.762889] 开始 BTC 市场分析...
  1. 获取价格数据...
  2. 获取恐慌贪婪指数...
  3. 计算技术指标...
  4. 分析市场情绪...
  5. 生成交易策略...
  6. 记录交易信号...
  [交易记录] 当前策略: HOLD - 不记录交易
  7. 生成报告...
  8. 保存报告...
  ✅ 报告已保存: /root/.openclaw/workspace/reports/btc_report_20260222_040002.txt
  9. 生成回测汇总...


📊 BTC 市场分析与交易策略报告
==================================================

🕐 报告时间: 2026-02-22 04:00:02

💰 当前价格
  • BTC/USD: $68,526.00
  • BTC/CNY: ¥473,426
  • 24h涨跌: +1.34%

📈 技术指标
  • SMA 6小时: $68,562.92
  • SMA 12小时: $68,569.87
  • RSI (14): 62.33
  • 波动率: $67
  • 价格位置: 58.8% (24h)

🎭 市场情绪: 偏多
  • 恐慌贪婪指数: 8 - Extreme Fear
  • 情绪评分: 2

  分析因素:
  • 极度恐慌: Extreme Fear (8) - 可能是买入机会
  • 24h变化 1.34% - 震荡整理
  • RSI 62.33 - 偏强
  • 价格位置 58.8%
  • 低波动率 (67) - 可能突破

🎯 1小时交易策略
  • 建议操作: HOLD
  • 策略描述: 当前方向不明，建议观望等待明确信号
  • 风险等级: low

  价格点位:
  • 支撑位: $68,509.04
  • 阻力位: $68,542.96

  策略理由:
  • 价格跌破均线，下降趋势
  • 信号模糊，建议观望

⚠️ 风险提示
  • 加密货币市场波动极大，请严格控制仓位
  • 本报告仅供参考，不构成投资建议
  • 交易有风险，投资需谨慎

==================================================


📊 回测统计
----------------------------------------
• 总收益率        : 1.45%
• 年化收益率       : 145.24%
• 最大回撤        : 2.21%
• 回撤持续时间      : 34.03 小时
• 夏普比率        : 4.5861
• 总交易次数       : 9
• 胜率          : 22.22%
• 初始资金        : $10,000
• 最终资金        : $10,145

================================================================================

[2026-02-22 04:00:02.575001] 分析完成!
✅ BTC 市场分析完成

🔄 [2/5] 更新 Git 仓库...
✅ Git add 完成

📝 [3/5] 提交更改到 Git...
[master e57a94f] Update BTC 市场分析报告 - 2026-02-22 04:00:02
 6 files changed, 255 insertions(+)
 create mode 100644 reports/btc_backtest_report_20260222_030025.txt
 create mode 100644 reports/btc_backtest_report_20260222_040002.txt
 create mode 100644 reports/btc_report_20260222_030025.txt
 create mode 100644 reports/btc_report_20260222_040002.txt
✅ Git commit 完成

🚀 [4/5] 推送到 GitHub Pages...
To github.com:violayifan/btc-tracker-report.git
   2652503..e57a94f  master -> master
✅ 推送到 GitHub 成功

🔍 [5/5] 验证推送状态...
✅ 推送验证成功
✅ 本地和远程提交一致: e57a94f453792fd2f9af7abe4ef4faf2c403789a

🌐 ===========================================
🌐 网站地址: https://violayifan.github.io/btc-tracker-report
🌐 ===========================================

✅ ===========================================
✅ BTC 市场分析报告已自动更新
✅ ===========================================

📊 更新摘要
   • BTC 市场分析: ✅ 完成
   • Git 仓库更新: ✅ 完成
   • GitHub Pages 部署: ✅ 完成

🕐 更新时间: 2026-02-22 04:00:02

🔄 ===========================================
🔄 BTC 市场分析自动更新脚本
🔄 ===========================================

📊 [1/5] 运行 BTC 市场分析...
[2026-02-22 05:00:02.163114] 开始 BTC 市场分析...
  1. 获取价格数据...
  2. 获取恐慌贪婪指数...
  3. 计算技术指标...
  4. 分析市场情绪...
  5. 生成交易策略...
  6. 记录交易信号...
  [交易记录] 当前策略: HOLD - 不记录交易
  7. 生成报告...
  8. 保存报告...
  ✅ 报告已保存: /root/.openclaw/workspace/reports/btc_report_20260222_050003.txt
  9. 生成回测汇总...


📊 BTC 市场分析与交易策略报告
==================================================

🕐 报告时间: 2026-02-22 05:00:03

💰 当前价格
  • BTC/USD: $68,302.00
  • BTC/CNY: ¥471,882
  • 24h涨跌: +0.89%

📈 技术指标
  • SMA 6小时: $68,385.53
  • SMA 12小时: $68,454.37
  • RSI (14): 40.31
  • 波动率: $86
  • 价格位置: 0.0% (24h)

🎭 市场情绪: 偏多
  • 恐慌贪婪指数: 8 - Extreme Fear
  • 情绪评分: 2

  分析因素:
  • 极度恐慌: Extreme Fear (8) - 可能是买入机会
  • 24h变化 0.89% - 震荡整理
  • RSI 40.31 - 偏弱
  • 价格位置 0.0% - 接近24h低位
  • 低波动率 (86) - 可能突破

🎯 1小时交易策略
  • 建议操作: HOLD
  • 策略描述: 当前方向不明，建议观望等待明确信号
  • 风险等级: low

  价格点位:
  • 支撑位: $68,280.30
  • 阻力位: $68,323.70

  策略理由:
  • 价格跌破均线，下降趋势
  • 信号模糊，建议观望

⚠️ 风险提示
  • 加密货币市场波动极大，请严格控制仓位
  • 本报告仅供参考，不构成投资建议
  • 交易有风险，投资需谨慎

==================================================


📊 回测统计
----------------------------------------
• 总收益率        : 1.45%
• 年化收益率       : 145.24%
• 最大回撤        : 2.21%
• 回撤持续时间      : 35.03 小时
• 夏普比率        : 4.5861
• 总交易次数       : 9
• 胜率          : 22.22%
• 初始资金        : $10,000
• 最终资金        : $10,145

================================================================================

[2026-02-22 05:00:03.750106] 分析完成!
✅ BTC 市场分析完成

🔄 [2/5] 更新 Git 仓库...
