[2026-02-20 21:50:34] ========================================
[2026-02-20 21:50:34] 🚀 BTC 监控 - 自动部署到公网
[2026-02-20 21:50:34] ========================================
[2026-02-20 21:50:34] ✅ HTML 文件就绪: /root/.openclaw/workspace/btc_report.html
[2026-02-20 21:50:34] 📦 安装 Vercel CLI...
[2026-02-20 21:51:07] ✅ Vercel CLI 安装完成
[2026-02-20 21:51:07] 🚀 开始部署到 Vercel...
[2026-02-20 21:51:08] ⚠️  Vercel 未登录，需要手动登录一次
[2026-02-20 21:51:08] 请运行: vercel login
[2026-02-20 21:51:08] 登录后，后续部署将完全自动化
[2026-02-20 21:51:46] 开始自动化部署...
[2026-02-20 21:51:46] ======================================================================
[2026-02-20 21:51:46] ⚠️  未检测到 Netlify Token
[2026-02-20 21:51:46] 
[2026-02-20 21:51:46] 💡 如何配置 Netlify Token：
[2026-02-20 21:51:46]    1. 注册 Netlify 账号: https://app.netlify.com/signup
[2026-02-20 21:51:46]    2. 创建 Personal Access Token:
[2026-02-20 21:51:46]       - User Settings → Applications
[2026-02-20 21:51:46]       - New access token
[2026-02-20 21:51:46]       - 输入描述：BTC Auto Deploy
[2026-02-20 21:51:46]       - 点击 Generate
[2026-02-20 21:51:46]       - 只显示一次，请务必复制
[2026-02-20 21:51:46] 
[2026-02-20 21:51:46]    3. 创建站点并获取 Site ID:
[2026-02-20 21:51:46]       - 在 Netlify 控制台创建站点
[2026-02-20 21:51:46]       - 在 Site settings 中查找 Site ID
[2026-02-20 21:51:46] 
[2026-02-20 21:51:46]    4. 配置环境变量（在服务器上运行）:
[2026-02-20 21:51:46]       export NETLIFY_TOKEN='你的_TOKEN'
[2026-02-20 21:51:46]       export NETLIFY_SITE_ID='你的_SITE_ID'
[2026-02-20 21:51:46] 
[2026-02-20 21:51:46]    5. 再次运行此脚本
[2026-02-20 21:51:46] 
[2026-02-20 21:51:46] ✅ 配置完成后，将实现完全自动化！
[2026-02-20 21:51:46]    • 无需手动操作
[2026-02-20 21:51:46]    • 无需下载文件
[2026-02-20 21:51:46]    • 无需拖拽上传
[2026-02-20 21:51:46]    • 完全服务器端自动操作
[2026-02-20 21:51:46]    • 直接获得公网 URL
[2026-02-20 21:51:46]    • 每小时自动更新
[2026-02-20 21:51:46] 
[2026-02-20 21:51:46] ======================================================================
