==============================================
🔄 更新 BTC 交易报告
==============================================

步骤 1: 运行 BTC 市场分析...
[2026-02-21 15:00:01.741441] 开始 BTC 市场分析...
  1. 获取价格数据...
  2. 获取恐慌贪婪指数...
  3. 计算技术指标...
  4. 分析市场情绪...
  5. 生成交易策略...
  6. 记录交易信号...
  [交易记录] 当前策略: HOLD - 不记录交易
  7. 生成报告...
  8. 保存报告...
  ✅ 报告已保存: /root/.openclaw/workspace/reports/btc_report_20260221_150002.txt
  9. 生成回测汇总...


📊 BTC 市场分析与交易策略报告
==================================================

🕐 报告时间: 2026-02-21 15:00:02

💰 当前价格
  • BTC/USD: $67,771.00
  • BTC/CNY: ¥468,213
  • 24h涨跌: -0.10%

📈 技术指标
  • SMA 6小时: $67,763.21
  • SMA 12小时: $67,815.60
  • RSI (14): 44.00
  • 波动率: $40
  • 价格位置: 16.9% (24h)

🎭 市场情绪: 偏多
  • 恐慌贪婪指数: 8 - Extreme Fear
  • 情绪评分: 2

  分析因素:
  • 极度恐慌: Extreme Fear (8) - 可能是买入机会
  • 24h变化 -0.10% - 震荡整理
  • RSI 44.00 - 偏弱
  • 价格位置 16.9%
  • 低波动率 (40) - 可能突破

🎯 1小时交易策略
  • 建议操作: HOLD
  • 策略描述: 当前方向不明，建议观望等待明确信号
  • 风险等级: low

  价格点位:
  • 支撑位: $67,760.95
  • 阻力位: $67,781.05

  策略理由:
  • 价格在均线附近震荡
  • 信号模糊，建议观望

⚠️ 风险提示
  • 加密货币市场波动极大，请严格控制仓位
  • 本报告仅供参考，不构成投资建议
  • 交易有风险，投资需谨慎

==================================================


📊 回测统计
----------------------------------------
• 总收益率        : 0.05%
• 年化收益率       : 0%
• 最大回撤        : 2.21%
• 回撤持续时间      : 21.03 小时
• 夏普比率        : -0.0462
• 总交易次数       : 9
• 胜率          : 22.22%
• 初始资金        : $0
• 最终资金        : $0

================================================================================

[2026-02-21 15:00:02.513894] 分析完成!
✅ 完成

步骤 2: 生成 HTML 报告...
[2026-02-21 15:00:02.720654] 开始生成增强版 HTML 报告...
  1. 读取交易数据...
  2. 计算回测指标...
  3. 读取最新报告...
  4. 生成 HTML 报告...
  5. 保存 HTML 文件...
  ✅ HTML 报告已生成: /root/.openclaw/workspace/btc_report_enhanced.html
  6. 启动 HTTP 服务器...

============================================================
🚀 HTTP 服务器已启动
============================================================
📱 本地访问: http://0.0.0.0:8081/btc_report_enhanced.html
🌐 外部访问: http://47.90.150.51:8081/btc_report_enhanced.html
============================================================
📋 报告特性:
  • 交互式图表（Chart.js）
  • 响应式设计
  • 无需外部图片文件
  • 支持手机和电脑
============================================================

[2026-02-21 15:00:02.788185] 报告生成完成！
✅ 完成

步骤 3: 准备部署文件...
✅ 完成

步骤 4: 部署到 Netlify...
​
Netlify Build                                                 
────────────────────────────────────────────────────────────────
​
❯ Version
  @netlify/build 35.5.14
​
❯ Flags
  deployId: 699957f866e397880dbb8b77
​
Configuration error                                           
────────────────────────────────────────────────────────────────
​
  Error message
  Failed retrieving site data for site btc-tracker-report: Not Found. Double-check your login status with 'netlify status' or contact support with details of your error.
​
 ›   Error: Error while running build

==============================================
✅ 更新完成！
==============================================

🌐 访问网址:
  https://btc-tracker-report.netlify.app

💡 提示:
  • 网址保持不变
  • 内容已自动更新
  • 可以在浏览器中刷新查看

==============================================
🔄 更新 BTC 交易报告
==============================================

步骤 1: 运行 BTC 市场分析...
[2026-02-21 16:00:02.652465] 开始 BTC 市场分析...
  1. 获取价格数据...
  2. 获取恐慌贪婪指数...
  3. 计算技术指标...
  4. 分析市场情绪...
  5. 生成交易策略...
  6. 记录交易信号...
[BTC Tracker] 记录交易: LONG @ $67832
  7. 生成报告...
  8. 保存报告...
  ✅ 报告已保存: /root/.openclaw/workspace/reports/btc_report_20260221_160003.txt
  9. 生成回测汇总...


📊 BTC 市场分析与交易策略报告
==================================================

🕐 报告时间: 2026-02-21 16:00:03

💰 当前价格
  • BTC/USD: $67,832.00
  • BTC/CNY: ¥468,636
  • 24h涨跌: +0.04%

📈 技术指标
  • SMA 6小时: $67,831.02
  • SMA 12小时: $67,817.62
  • RSI (14): 39.27
  • 波动率: $43
  • 价格位置: 59.4% (24h)

🎭 市场情绪: 偏多
  • 恐慌贪婪指数: 8 - Extreme Fear
  • 情绪评分: 2

  分析因素:
  • 极度恐慌: Extreme Fear (8) - 可能是买入机会
  • 24h变化 0.04% - 震荡整理
  • RSI 39.27 - 偏弱
  • 价格位置 59.4%
  • 低波动率 (43) - 可能突破

🎯 1小时交易策略
  • 建议操作: LONG
  • 策略描述: 建议做多，关注上方阻力位突破
  • 风险等级: low

  价格点位:
  • 支撑位: $67,821.23
  • 阻力位: N/A
  • 止损位: $67,810.46
  • 止盈位: $67,875.09

  策略理由:
  • 价格站上短期均线，上升趋势
  • 上升趋势 + 多头情绪 + RSI未超买 = 适当做多机会

⚠️ 风险提示
  • 加密货币市场波动极大，请严格控制仓位
  • 本报告仅供参考，不构成投资建议
  • 交易有风险，投资需谨慎

==================================================


📊 回测统计
----------------------------------------
• 总收益率        : 0.37%
• 年化收益率       : 0%
• 最大回撤        : 2.21%
• 回撤持续时间      : 22.03 小时
• 夏普比率        : -0.0484
• 总交易次数       : 9
• 胜率          : 22.22%
• 初始资金        : $10,000
• 最终资金        : $10,037

================================================================================

[2026-02-21 16:00:03.430896] 分析完成!
✅ 完成

步骤 2: 生成 HTML 报告...
[2026-02-21 16:00:03.662590] 开始生成增强版 HTML 报告...
  1. 读取交易数据...
  2. 计算回测指标...
  3. 读取最新报告...
  4. 生成 HTML 报告...
  5. 保存 HTML 文件...
  ✅ HTML 报告已生成: /root/.openclaw/workspace/btc_report_enhanced.html
  6. 启动 HTTP 服务器...

============================================================
🚀 HTTP 服务器已启动
============================================================
📱 本地访问: http://0.0.0.0:8081/btc_report_enhanced.html
🌐 外部访问: http://47.90.150.51:8081/btc_report_enhanced.html
============================================================
📋 报告特性:
  • 交互式图表（Chart.js）
  • 响应式设计
  • 无需外部图片文件
  • 支持手机和电脑
============================================================

[2026-02-21 16:00:04.162503] 报告生成完成！
✅ 完成

步骤 3: 准备部署文件...
✅ 完成

步骤 4: 部署到 Netlify...
​
Netlify Build                                                 
────────────────────────────────────────────────────────────────
​
❯ Version
  @netlify/build 35.5.14
​
❯ Flags
  accountId: 69994edcb8cb8d787815e18f
  deployId: 6999660b36da8ba3259b8ad6
​
❯ Current directory
  /root/.openclaw/workspace/netlify_deploy
​
❯ Config file
  No config file was defined: using default values.
​
❯ Context
  production

Deploying to Netlify
────────────────────────────────────────────────────────────────

Deploy path: /root/.openclaw/workspace/netlify_deploy

⠋ Uploading blobs to deploy store...

✔ Finished uploading blobs to deploy store
⠋ Hashing files...
⠋ Looking for a functions cache...
✔ No cached functions were found
✔ Finished hashing 
⠋ CDN diffing files...
✔ CDN requesting 1 files
⠋ Uploading 1 files
✔ Finished uploading 1 assets
⠋ Waiting for deploy to go live...
✔ Deploy is live!
​
Netlify Build Complete                                        
────────────────────────────────────────────────────────────────
​
(Netlify Build completed in 2.2s)

🚀 Deploy complete
────────────────────────────────────────────────────────────────

   ╭─────────────────── ⬥  Production deploy is live ⬥  ────────────────────╮
   │                                                                        │
   │   Deployed to production URL: https://btc-tracker-report.netlify.app   │
   │                                                                        │
   │                           Unique deploy URL:                           │
   │    https://6999660b36da8ba3259b8ad6--btc-tracker-report.netlify.app    │
   │                                                                        │
   ╰────────────────────────────────────────────────────────────────────────╯

Build logs:         https://app.netlify.com/projects/btc-tracker-report/deploys/6999660b36da8ba3259b8ad6
Function logs:      https://app.netlify.com/projects/btc-tracker-report/logs/functions
Edge function Logs: https://app.netlify.com/projects/btc-tracker-report/logs/edge-functions

==============================================
✅ 更新完成！
==============================================

🌐 访问网址:
  https://btc-tracker-report.netlify.app

💡 提示:
  • 网址保持不变
  • 内容已自动更新
  • 可以在浏览器中刷新查看

==============================================
🔄 更新 BTC 交易报告
==============================================

步骤 1: 运行 BTC 市场分析...
[2026-02-21 17:00:02.605843] 开始 BTC 市场分析...
  1. 获取价格数据...
  2. 获取恐慌贪婪指数...
  3. 计算技术指标...
  4. 分析市场情绪...
  5. 生成交易策略...
  6. 记录交易信号...
[BTC Tracker] 记录交易: LONG @ $68040
  7. 生成报告...
  8. 保存报告...
  ✅ 报告已保存: /root/.openclaw/workspace/reports/btc_report_20260221_170004.txt
  9. 生成回测汇总...


📊 BTC 市场分析与交易策略报告
==================================================

🕐 报告时间: 2026-02-21 17:00:04

💰 当前价格
  • BTC/USD: $68,040.00
  • BTC/CNY: ¥470,072
  • 24h涨跌: +0.28%

📈 技术指标
  • SMA 6小时: $67,972.35
  • SMA 12小时: $67,935.85
  • RSI (14): 53.19
  • 波动率: $72
  • 价格位置: 100.0% (24h)

🎭 市场情绪: 偏多
  • 恐慌贪婪指数: 8 - Extreme Fear
  • 情绪评分: 2

  分析因素:
  • 极度恐慌: Extreme Fear (8) - 可能是买入机会
  • 24h变化 0.28% - 震荡整理
  • RSI 53.19 - 偏弱
  • 价格位置 100.0% - 接近24h高位
  • 低波动率 (72) - 可能突破

🎯 1小时交易策略
  • 建议操作: LONG
  • 策略描述: 建议做多，关注上方阻力位突破
  • 风险等级: low

  价格点位:
  • 支撑位: $68,021.92
  • 阻力位: N/A
  • 止损位: $68,003.84
  • 止盈位: $68,112.32

  策略理由:
  • 价格站上短期均线，上升趋势
  • 上升趋势 + 多头情绪 + RSI未超买 = 适当做多机会

⚠️ 风险提示
  • 加密货币市场波动极大，请严格控制仓位
  • 本报告仅供参考，不构成投资建议
  • 交易有风险，投资需谨慎

==================================================


📊 回测统计
----------------------------------------
• 总收益率        : 0.68%
• 年化收益率       : 67.86%
• 最大回撤        : 2.21%
• 回撤持续时间      : 23.03 小时
• 夏普比率        : 1.682
• 总交易次数       : 9
• 胜率          : 22.22%
• 初始资金        : $10,000
• 最终资金        : $10,068

================================================================================

[2026-02-21 17:00:04.076695] 分析完成!
✅ 完成

步骤 2: 生成 HTML 报告...
[2026-02-21 17:00:04.320830] 开始生成增强版 HTML 报告...
  1. 读取交易数据...
  2. 计算回测指标...
  3. 读取最新报告...
  4. 生成 HTML 报告...
  5. 保存 HTML 文件...
  ✅ HTML 报告已生成: /root/.openclaw/workspace/btc_report_enhanced.html
  6. 启动 HTTP 服务器...

============================================================
🚀 HTTP 服务器已启动
============================================================
📱 本地访问: http://0.0.0.0:8081/btc_report_enhanced.html
🌐 外部访问: http://47.90.150.51:8081/btc_report_enhanced.html
============================================================
📋 报告特性:
  • 交互式图表（Chart.js）
  • 响应式设计
  • 无需外部图片文件
  • 支持手机和电脑
============================================================

[2026-02-21 17:00:05.059714] 报告生成完成！
✅ 完成

步骤 3: 准备部署文件...
✅ 完成

步骤 4: 部署到 Netlify...
​
Netlify Build                                                 
────────────────────────────────────────────────────────────────
​
❯ Version
  @netlify/build 35.5.14
​
❯ Flags
  accountId: 69994edcb8cb8d787815e18f
  deployId: 6999741bb8cb8ddaf315e08a
​
❯ Current directory
  /root/.openclaw/workspace/netlify_deploy
​
❯ Config file
  No config file was defined: using default values.
​
❯ Context
  production

Deploying to Netlify
────────────────────────────────────────────────────────────────

Deploy path: /root/.openclaw/workspace/netlify_deploy

⠋ Uploading blobs to deploy store...

✔ Finished uploading blobs to deploy store
⠋ Hashing files...
⠋ Looking for a functions cache...
✔ No cached functions were found
✔ Finished hashing 
⠋ CDN diffing files...
✔ CDN requesting 1 files
⠋ Uploading 1 files
✔ Finished uploading 1 assets
⠋ Waiting for deploy to go live...
✔ Deploy is live!
​
Netlify Build Complete                                        
────────────────────────────────────────────────────────────────
​
(Netlify Build completed in 1.9s)

🚀 Deploy complete
────────────────────────────────────────────────────────────────

   ╭─────────────────── ⬥  Production deploy is live ⬥  ────────────────────╮
   │                                                                        │
   │   Deployed to production URL: https://btc-tracker-report.netlify.app   │
   │                                                                        │
   │                           Unique deploy URL:                           │
   │    https://6999741bb8cb8ddaf315e08a--btc-tracker-report.netlify.app    │
   │                                                                        │
   ╰────────────────────────────────────────────────────────────────────────╯

Build logs:         https://app.netlify.com/projects/btc-tracker-report/deploys/6999741bb8cb8ddaf315e08a
Function logs:      https://app.netlify.com/projects/btc-tracker-report/logs/functions
Edge function Logs: https://app.netlify.com/projects/btc-tracker-report/logs/edge-functions

==============================================
✅ 更新完成！
==============================================

🌐 访问网址:
  https://btc-tracker-report.netlify.app

💡 提示:
  • 网址保持不变
  • 内容已自动更新
  • 可以在浏览器中刷新查看

==============================================
🔄 更新 BTC 交易报告
==============================================

步骤 1: 运行 BTC 市场分析...
[2026-02-21 18:00:02.267290] 开始 BTC 市场分析...
  1. 获取价格数据...
  2. 获取恐慌贪婪指数...
  3. 计算技术指标...
  4. 分析市场情绪...
  5. 生成交易策略...
  6. 记录交易信号...
  [交易记录] 当前策略: HOLD - 不记录交易
  7. 生成报告...
  8. 保存报告...
  ✅ 报告已保存: /root/.openclaw/workspace/reports/btc_report_20260221_180003.txt
  9. 生成回测汇总...


📊 BTC 市场分析与交易策略报告
==================================================

🕐 报告时间: 2026-02-21 18:00:03

💰 当前价格
  • BTC/USD: $68,129.00
  • BTC/CNY: ¥470,683
  • 24h涨跌: -0.06%

📈 技术指标
  • SMA 6小时: $68,166.12
  • SMA 12小时: $68,123.32
  • RSI (14): 46.45
  • 波动率: $115
  • 价格位置: 81.1% (24h)

🎭 市场情绪: 偏多
  • 恐慌贪婪指数: 8 - Extreme Fear
  • 情绪评分: 2

  分析因素:
  • 极度恐慌: Extreme Fear (8) - 可能是买入机会
  • 24h变化 -0.06% - 震荡整理
  • RSI 46.45 - 偏弱
  • 价格位置 81.1%

🎯 1小时交易策略
  • 建议操作: HOLD
  • 策略描述: 当前方向不明，建议观望等待明确信号
  • 风险等级: low

  价格点位:
  • 支撑位: $68,100.03
  • 阻力位: $68,157.97

  策略理由:
  • 价格在均线附近震荡
  • 信号模糊，建议观望

⚠️ 风险提示
  • 加密货币市场波动极大，请严格控制仓位
  • 本报告仅供参考，不构成投资建议
  • 交易有风险，投资需谨慎

==================================================


📊 回测统计
----------------------------------------
• 总收益率        : 0.67%
• 年化收益率       : 66.82%
• 最大回撤        : 2.21%
• 回撤持续时间      : 24.03 小时
• 夏普比率        : 1.7011
• 总交易次数       : 9
• 胜率          : 22.22%
• 初始资金        : $10,000
• 最终资金        : $10,067

================================================================================

[2026-02-21 18:00:03.094312] 分析完成!
✅ 完成

步骤 2: 生成 HTML 报告...
[2026-02-21 18:00:03.332781] 开始生成增强版 HTML 报告...
  1. 读取交易数据...
  2. 计算回测指标...
  3. 读取最新报告...
  4. 生成 HTML 报告...
  5. 保存 HTML 文件...
  ✅ HTML 报告已生成: /root/.openclaw/workspace/btc_report_enhanced.html
  6. 启动 HTTP 服务器...

============================================================
🚀 HTTP 服务器已启动
============================================================
📱 本地访问: http://0.0.0.0:8081/btc_report_enhanced.html
🌐 外部访问: http://47.90.150.51:8081/btc_report_enhanced.html
============================================================
📋 报告特性:
  • 交互式图表（Chart.js）
  • 响应式设计
  • 无需外部图片文件
  • 支持手机和电脑
============================================================

[2026-02-21 18:00:03.973017] 报告生成完成！
✅ 完成

步骤 3: 准备部署文件...
✅ 完成

步骤 4: 部署到 Netlify...
​
Netlify Build                                                 
────────────────────────────────────────────────────────────────
​
❯ Version
  @netlify/build 35.5.14
​
❯ Flags
  accountId: 69994edcb8cb8d787815e18f
  deployId: 6999822ccd2250001330e29a
​
❯ Current directory
  /root/.openclaw/workspace/netlify_deploy
​
❯ Config file
  No config file was defined: using default values.
​
❯ Context
  production

Deploying to Netlify
────────────────────────────────────────────────────────────────

Deploy path: /root/.openclaw/workspace/netlify_deploy

⠋ Uploading blobs to deploy store...

✔ Finished uploading blobs to deploy store
⠋ Hashing files...
⠋ Looking for a functions cache...
✔ No cached functions were found
✔ Finished hashing 
⠋ CDN diffing files...
✔ CDN requesting 1 files
⠋ Uploading 1 files
✔ Finished uploading 1 assets
⠋ Waiting for deploy to go live...
✔ Deploy is live!
​
Netlify Build Complete                                        
────────────────────────────────────────────────────────────────
​
(Netlify Build completed in 2s)

🚀 Deploy complete
────────────────────────────────────────────────────────────────

   ╭─────────────────── ⬥  Production deploy is live ⬥  ────────────────────╮
   │                                                                        │
   │   Deployed to production URL: https://btc-tracker-report.netlify.app   │
   │                                                                        │
   │                           Unique deploy URL:                           │
   │    https://6999822ccd2250001330e29a--btc-tracker-report.netlify.app    │
   │                                                                        │
   ╰────────────────────────────────────────────────────────────────────────╯

Build logs:         https://app.netlify.com/projects/btc-tracker-report/deploys/6999822ccd2250001330e29a
Function logs:      https://app.netlify.com/projects/btc-tracker-report/logs/functions
Edge function Logs: https://app.netlify.com/projects/btc-tracker-report/logs/edge-functions

==============================================
✅ 更新完成！
==============================================

🌐 访问网址:
  https://btc-tracker-report.netlify.app

💡 提示:
  • 网址保持不变
  • 内容已自动更新
  • 可以在浏览器中刷新查看

==============================================
🔄 更新 BTC 交易报告
==============================================

步骤 1: 运行 BTC 市场分析...
[2026-02-21 19:00:01.976516] 开始 BTC 市场分析...
  1. 获取价格数据...
  2. 获取恐慌贪婪指数...
  3. 计算技术指标...
  4. 分析市场情绪...
  5. 生成交易策略...
  6. 记录交易信号...
  [交易记录] 当前策略: HOLD - 不记录交易
  7. 生成报告...
  8. 保存报告...
  ✅ 报告已保存: /root/.openclaw/workspace/reports/btc_report_20260221_190003.txt
  9. 生成回测汇总...


📊 BTC 市场分析与交易策略报告
==================================================

🕐 报告时间: 2026-02-21 19:00:03

💰 当前价格
  • BTC/USD: $68,170.00
  • BTC/CNY: ¥470,972
  • 24h涨跌: +0.38%

📈 技术指标
  • SMA 6小时: $68,177.40
  • SMA 12小时: $68,174.77
  • RSI (14): 46.84
  • 波动率: $63
  • 价格位置: 82.2% (24h)

🎭 市场情绪: 偏多
  • 恐慌贪婪指数: 8 - Extreme Fear
  • 情绪评分: 2

  分析因素:
  • 极度恐慌: Extreme Fear (8) - 可能是买入机会
  • 24h变化 0.38% - 震荡整理
  • RSI 46.84 - 偏弱
  • 价格位置 82.2%
  • 低波动率 (63) - 可能突破

🎯 1小时交易策略
  • 建议操作: HOLD
  • 策略描述: 当前方向不明，建议观望等待明确信号
  • 风险等级: low

  价格点位:
  • 支撑位: $68,154.12
  • 阻力位: $68,185.88

  策略理由:
  • 价格在均线附近震荡
  • 信号模糊，建议观望

⚠️ 风险提示
  • 加密货币市场波动极大，请严格控制仓位
  • 本报告仅供参考，不构成投资建议
  • 交易有风险，投资需谨慎

==================================================


📊 回测统计
----------------------------------------
• 总收益率        : 0.67%
• 年化收益率       : 66.82%
• 最大回撤        : 2.21%
• 回撤持续时间      : 25.03 小时
• 夏普比率        : 1.7011
• 总交易次数       : 9
• 胜率          : 22.22%
• 初始资金        : $10,000
• 最终资金        : $10,067

================================================================================

[2026-02-21 19:00:03.535108] 分析完成!

步骤 2: 策略复盘...
[2026-02-21 19:00:03.766770] 开始策略复盘...
  1. 分析策略绩效...
  2. 生成复盘报告...
  3. 保存复盘报告...
  ✅ 报告已保存: /root/.openclaw/workspace/strategy_report.txt

暂无策略数据
[2026-02-21 19:00:03.767148] 策略复盘完成!

步骤 3: 策略参数优化...
[2026-02-21 19:00:03.825708] 开始策略参数优化...
  1. 基于绩效优化参数...
  [优化] 当前绩效: 胜率=22.22%, 最大回撤=2.21%, 夏普=1.70
  [优化] 检测到胜率过低，调整 RSI 阈值...
    • RSI 多: 26 -> 24
    • RSI 空: 74 -> 76
  2. 生成优化报告...
  ✅ 报告已保存: /root/.openclaw/workspace/strategy_report.txt


================================================================================
🤖 BTC 策略参数优化报告
================================================================================

🕐 优化时间: 2026-02-21 19:00:03
📊 优化时的绩效数据
------------------------------------------------
  • 胜率: 22.22%
  • 总收益率: 0.67%
  • 最大回撤: 2.21%
  • 夏普比率: 1.70
  • 盈亏比: 2.55
  • 总交易次数: 9

📈 参数优化结果
------------------------------------------------
  本次优化调整了以下参数:

  1. rsi_threshold
     旧值: 26 / 74
     新值: 24 / 76
     理由: 胜率过低，收紧做多信号，放宽做空信号


🎯 优化后的策略参数
------------------------------------------------
  • 做多信号 RSI 下限: 24
  • 做空信号 RSI 上限: 76
  • 是否需要趋势确认: True
  • 是否要求均线对齐: True
  • 波动率过滤: True
  • 默认风险等级: low

📊 策略迭代历史
------------------------------------------------
  • 总优化次数: 1
  • 上次优化: 2026-02-21T19:00:03.826060

💡 使用建议
------------------------------------------------
  • 新参数将在下次信号生成时生效
  • 建议监控接下来几次交易的表现
  • 如果绩效没有改善，系统会再次自动优化

================================================================================

[2026-02-21 19:00:03.826505] 策略参数优化完成!

步骤 4: 生成增强版 HTML 报告...
[2026-02-21 19:00:03.874086] 开始生成最终版 HTML 报告...
  1. 读取交易数据...
  2. 计算回测指标...
  3. 读取最新报告...
  4. 生成 HTML 报告...
  5. 保存 HTML 文件...
  ✅ HTML 报告已生成: /root/.openclaw/workspace/btc_report_enhanced.html

============================================================
✅ 最终版 HTML 报告已生成
============================================================
📱 文件: /root/.openclaw/workspace/btc_report_enhanced.html
📊 所有指标显示问题已修复
📋 请复制文件或通过服务器访问
============================================================

[2026-02-21 19:00:04.640912] 报告生成完成！

步骤 5: 准备部署文件...

步骤 6: 部署到 Netlify...
​
Netlify Build                                                 
────────────────────────────────────────────────────────────────
​
❯ Version
  @netlify/build 35.5.14
​
❯ Flags
  accountId: 69994edcb8cb8d787815e18f
  deployId: 6999903ae8085e213c90003b
​
❯ Current directory
  /root/.openclaw/workspace/netlify_deploy
​
❯ Config file
  No config file was defined: using default values.
​
❯ Context
  production

Deploying to Netlify
────────────────────────────────────────────────────────────────

Deploy path: /root/.openclaw/workspace/netlify_deploy

⠋ Uploading blobs to deploy store...

✔ Finished uploading blobs to deploy store
⠋ Hashing files...
⠋ Looking for a functions cache...
✔ No cached functions were found
✔ Finished hashing 
⠋ CDN diffing files...
✔ CDN requesting 1 files
⠋ Uploading 1 files
✔ Finished uploading 1 assets
⠋ Waiting for deploy to go live...
✔ Deploy is live!
​
Netlify Build Complete                                        
────────────────────────────────────────────────────────────────
​
(Netlify Build completed in 1.9s)

🚀 Deploy complete
────────────────────────────────────────────────────────────────

   ╭─────────────────── ⬥  Production deploy is live ⬥  ────────────────────╮
   │                                                                        │
   │   Deployed to production URL: https://btc-tracker-report.netlify.app   │
   │                                                                        │
   │                           Unique deploy URL:                           │
   │    https://6999903ae8085e213c90003b--btc-tracker-report.netlify.app    │
   │                                                                        │
   ╰────────────────────────────────────────────────────────────────────────╯

Build logs:         https://app.netlify.com/projects/btc-tracker-report/deploys/6999903ae8085e213c90003b
Function logs:      https://app.netlify.com/projects/btc-tracker-report/logs/functions
Edge function Logs: https://app.netlify.com/projects/btc-tracker-report/logs/edge-functions

==============================================
✅ 更新完成！
==============================================

🌐 访问网址:
  https://btc-tracker-report.netlify.app

📊 本次更新内容:
  • 市场分析完成
  • 策略复盘完成
  • 策略参数自动优化
  • 增强版 HTML 报告生成
  • 已部署到 Netlify

📋 新增功能:
  • 策略绩效分析（胜率、盈亏比、夏普比率）
  • 自动策略复盘（识别优势和劣势）
  • 自动参数优化（基于绩效自动调整）
  • 策略迭代历史记录

💡 提示:
  • 网址保持不变
  • 内容已自动更新
  • 可以在浏览器中刷新查看

⚠️ 本报告仅供参考，不构成投资建议
==============================================

==============================================
🔄 更新 BTC 交易报告
==============================================

步骤 1: 运行 BTC 市场分析...
[2026-02-21 20:00:01.803390] 开始 BTC 市场分析...
  1. 获取价格数据...
  2. 获取恐慌贪婪指数...
  3. 计算技术指标...
  4. 分析市场情绪...
  5. 生成交易策略...
  6. 记录交易信号...
[BTC Tracker] 记录交易: LONG_DIP @ $68074
  7. 生成报告...
  8. 保存报告...
  ✅ 报告已保存: /root/.openclaw/workspace/reports/btc_report_20260221_200003.txt
  9. 生成回测汇总...


📊 BTC 市场分析与交易策略报告
==================================================

🕐 报告时间: 2026-02-21 20:00:03

💰 当前价格
  • BTC/USD: $68,074.00
  • BTC/CNY: ¥470,305
  • 24h涨跌: +1.08%

📈 技术指标
  • SMA 6小时: $68,095.29
  • SMA 12小时: $68,155.70
  • RSI (14): 37.25
  • 波动率: $47
  • 价格位置: 0.0% (24h)

🎭 市场情绪: 偏多
  • 恐慌贪婪指数: 8 - Extreme Fear
  • 情绪评分: 2

  分析因素:
  • 极度恐慌: Extreme Fear (8) - 可能是买入机会
  • 24h变化 1.08% - 震荡整理
  • RSI 37.25 - 偏弱
  • 价格位置 0.0% - 接近24h低位
  • 低波动率 (47) - 可能突破

🎯 1小时交易策略
  • 建议操作: LONG_DIP
  • 策略描述: 逢低做多，控制仓位
  • 风险等级: low

  价格点位:
  • 支撑位: $68,062.04
  • 阻力位: N/A
  • 止损位: $68,050.08
  • 止盈位: $68,121.84

  策略理由:
  • 价格跌破均线，下降趋势
  • 多头情绪 + 价格回调 = 低吸机会

⚠️ 风险提示
  • 加密货币市场波动极大，请严格控制仓位
  • 本报告仅供参考，不构成投资建议
  • 交易有风险，投资需谨慎

==================================================


📊 回测统计
----------------------------------------
• 总收益率        : 0.73%
• 年化收益率       : 72.89%
• 最大回撤        : 2.21%
• 回撤持续时间      : 26.03 小时
• 夏普比率        : 1.9214
• 总交易次数       : 9
• 胜率          : 22.22%
• 初始资金        : $10,000
• 最终资金        : $10,073

================================================================================

[2026-02-21 20:00:03.715459] 分析完成!

步骤 2: 策略复盘...
[2026-02-21 20:00:03.886147] 开始策略复盘...
  1. 分析策略绩效...
  2. 生成复盘报告...
  3. 保存复盘报告...
  ✅ 报告已保存: /root/.openclaw/workspace/strategy_report.txt

暂无策略数据
[2026-02-21 20:00:03.886521] 策略复盘完成!

步骤 3: 策略参数优化...
[2026-02-21 20:00:03.974003] 开始策略参数优化...
  1. 基于绩效优化参数...
  [优化] 当前绩效: 胜率=22.22%, 最大回撤=2.21%, 夏普=1.70
  [优化] 检测到胜率过低，调整 RSI 阈值...
    • RSI 多: 24 -> 22
    • RSI 空: 76 -> 78
  2. 生成优化报告...
  ✅ 报告已保存: /root/.openclaw/workspace/strategy_report.txt


================================================================================
🤖 BTC 策略参数优化报告
================================================================================

🕐 优化时间: 2026-02-21 20:00:03
📊 优化时的绩效数据
------------------------------------------------
  • 胜率: 22.22%
  • 总收益率: 0.67%
  • 最大回撤: 2.21%
  • 夏普比率: 1.70
  • 盈亏比: 2.55
  • 总交易次数: 9

📈 参数优化结果
------------------------------------------------
  本次优化调整了以下参数:

  1. rsi_threshold
     旧值: 24 / 76
     新值: 22 / 78
     理由: 胜率过低，收紧做多信号，放宽做空信号


🎯 优化后的策略参数
------------------------------------------------
  • 做多信号 RSI 下限: 22
  • 做空信号 RSI 上限: 78
  • 是否需要趋势确认: True
  • 是否要求均线对齐: True
  • 波动率过滤: True
  • 默认风险等级: low

📊 策略迭代历史
------------------------------------------------
  • 总优化次数: 1
  • 上次优化: 2026-02-21T20:00:03.974710

💡 使用建议
------------------------------------------------
  • 新参数将在下次信号生成时生效
  • 建议监控接下来几次交易的表现
  • 如果绩效没有改善，系统会再次自动优化

================================================================================

[2026-02-21 20:00:03.975366] 策略参数优化完成!

步骤 4: 生成增强版 HTML 报告...
[2026-02-21 20:00:04.057519] 开始生成最终版 HTML 报告...
  1. 读取交易数据...
  2. 计算回测指标...
  3. 读取最新报告...
  4. 生成 HTML 报告...
  5. 保存 HTML 文件...
  ✅ HTML 报告已生成: /root/.openclaw/workspace/btc_report_enhanced.html

============================================================
✅ 最终版 HTML 报告已生成
============================================================
📱 文件: /root/.openclaw/workspace/btc_report_enhanced.html
📊 所有指标显示问题已修复
📋 请复制文件或通过服务器访问
============================================================

[2026-02-21 20:00:04.828280] 报告生成完成！

步骤 5: 准备部署文件...

步骤 6: 部署到 Netlify...
​
Netlify Build                                                 
────────────────────────────────────────────────────────────────
​
❯ Version
  @netlify/build 35.5.14
​
❯ Flags
  accountId: 69994edcb8cb8d787815e18f
  deployId: 69999e4c1eae9c4a05005817
​
❯ Current directory
  /root/.openclaw/workspace/netlify_deploy
​
❯ Config file
  No config file was defined: using default values.
​
❯ Context
  production

Deploying to Netlify
────────────────────────────────────────────────────────────────

Deploy path: /root/.openclaw/workspace/netlify_deploy

⠋ Uploading blobs to deploy store...

✔ Finished uploading blobs to deploy store
⠋ Hashing files...
⠋ Looking for a functions cache...
✔ No cached functions were found
✔ Finished hashing 
⠋ CDN diffing files...
✔ CDN requesting 1 files
⠋ Uploading 1 files
✔ Finished uploading 1 assets
⠋ Waiting for deploy to go live...
✔ Deploy is live!
​
Netlify Build Complete                                        
────────────────────────────────────────────────────────────────
​
(Netlify Build completed in 1.9s)

🚀 Deploy complete
────────────────────────────────────────────────────────────────

   ╭─────────────────── ⬥  Production deploy is live ⬥  ────────────────────╮
   │                                                                        │
   │   Deployed to production URL: https://btc-tracker-report.netlify.app   │
   │                                                                        │
   │                           Unique deploy URL:                           │
   │    https://69999e4c1eae9c4a05005817--btc-tracker-report.netlify.app    │
   │                                                                        │
   ╰────────────────────────────────────────────────────────────────────────╯

Build logs:         https://app.netlify.com/projects/btc-tracker-report/deploys/69999e4c1eae9c4a05005817
Function logs:      https://app.netlify.com/projects/btc-tracker-report/logs/functions
Edge function Logs: https://app.netlify.com/projects/btc-tracker-report/logs/edge-functions

==============================================
✅ 更新完成！
==============================================

🌐 访问网址:
  https://btc-tracker-report.netlify.app

📊 本次更新内容:
  • 市场分析完成
  • 策略复盘完成
  • 策略参数自动优化
  • 增强版 HTML 报告生成
  • 已部署到 Netlify

📋 新增功能:
  • 策略绩效分析（胜率、盈亏比、夏普比率）
  • 自动策略复盘（识别优势和劣势）
  • 自动参数优化（基于绩效自动调整）
  • 策略迭代历史记录

💡 提示:
  • 网址保持不变
  • 内容已自动更新
  • 可以在浏览器中刷新查看

⚠️ 本报告仅供参考，不构成投资建议
==============================================

==============================================
🔄 更新 BTC 交易报告
==============================================

步骤 1: 运行 BTC 市场分析...
[2026-02-21 21:00:02.198214] 开始 BTC 市场分析...
  1. 获取价格数据...
  2. 获取恐慌贪婪指数...
  3. 计算技术指标...
  4. 分析市场情绪...
  5. 生成交易策略...
  6. 记录交易信号...
[BTC Tracker] 记录交易: LONG @ $68175
  7. 生成报告...
  8. 保存报告...
  ✅ 报告已保存: /root/.openclaw/workspace/reports/btc_report_20260221_210002.txt
  9. 生成回测汇总...


📊 BTC 市场分析与交易策略报告
==================================================

🕐 报告时间: 2026-02-21 21:00:02

💰 当前价格
  • BTC/USD: $68,175.00
  • BTC/CNY: ¥471,001
  • 24h涨跌: +1.05%

📈 技术指标
  • SMA 6小时: $68,062.53
  • SMA 12小时: $68,027.10
  • RSI (14): 52.57
  • 波动率: $96
  • 价格位置: 76.4% (24h)

🎭 市场情绪: 偏多
  • 恐慌贪婪指数: 8 - Extreme Fear
  • 情绪评分: 2

  分析因素:
  • 极度恐慌: Extreme Fear (8) - 可能是买入机会
  • 24h变化 1.05% - 震荡整理
  • RSI 52.57 - 偏弱
  • 价格位置 76.4%
  • 低波动率 (96) - 可能突破

🎯 1小时交易策略
  • 建议操作: LONG
  • 策略描述: 建议做多，关注上方阻力位突破
  • 风险等级: low

  价格点位:
  • 支撑位: $68,150.95
  • 阻力位: N/A
  • 止损位: $68,126.91
  • 止盈位: $68,271.19

  策略理由:
  • 价格站上短期均线，上升趋势
  • 上升趋势 + 多头情绪 + RSI未超买 = 适当做多机会

⚠️ 风险提示
  • 加密货币市场波动极大，请严格控制仓位
  • 本报告仅供参考，不构成投资建议
  • 交易有风险，投资需谨慎

==================================================


📊 回测统计
----------------------------------------
• 总收益率        : 0.88%
• 年化收益率       : 87.83%
• 最大回撤        : 2.21%
• 回撤持续时间      : 27.03 小时
• 夏普比率        : 2.4183
• 总交易次数       : 9
• 胜率          : 22.22%
• 初始资金        : $10,000
• 最终资金        : $10,088

================================================================================

[2026-02-21 21:00:02.999203] 分析完成!

步骤 2: 策略复盘...
[2026-02-21 21:00:03.278078] 开始策略复盘...
  1. 分析策略绩效...
  2. 生成复盘报告...
  3. 保存复盘报告...
  ✅ 报告已保存: /root/.openclaw/workspace/strategy_report.txt

暂无策略数据
[2026-02-21 21:00:03.278587] 策略复盘完成!

步骤 3: 策略参数优化...
[2026-02-21 21:00:03.398806] 开始策略参数优化...
  1. 基于绩效优化参数...
  [优化] 当前绩效: 胜率=22.22%, 最大回撤=2.21%, 夏普=1.70
  [优化] 检测到胜率过低，调整 RSI 阈值...
    • RSI 多: 22 -> 20
    • RSI 空: 78 -> 80
  2. 生成优化报告...
  ✅ 报告已保存: /root/.openclaw/workspace/strategy_report.txt


================================================================================
🤖 BTC 策略参数优化报告
================================================================================

🕐 优化时间: 2026-02-21 21:00:03
📊 优化时的绩效数据
------------------------------------------------
  • 胜率: 22.22%
  • 总收益率: 0.67%
  • 最大回撤: 2.21%
  • 夏普比率: 1.70
  • 盈亏比: 2.55
  • 总交易次数: 9

📈 参数优化结果
------------------------------------------------
  本次优化调整了以下参数:

  1. rsi_threshold
     旧值: 22 / 78
     新值: 20 / 80
     理由: 胜率过低，收紧做多信号，放宽做空信号


🎯 优化后的策略参数
------------------------------------------------
  • 做多信号 RSI 下限: 20
  • 做空信号 RSI 上限: 80
  • 是否需要趋势确认: True
  • 是否要求均线对齐: True
  • 波动率过滤: True
  • 默认风险等级: low

📊 策略迭代历史
------------------------------------------------
  • 总优化次数: 1
  • 上次优化: 2026-02-21T21:00:03.400172

💡 使用建议
------------------------------------------------
  • 新参数将在下次信号生成时生效
  • 建议监控接下来几次交易的表现
  • 如果绩效没有改善，系统会再次自动优化

================================================================================

[2026-02-21 21:00:03.400936] 策略参数优化完成!

步骤 4: 生成增强版 HTML 报告...
[2026-02-21 21:00:03.493431] 开始生成最终版 HTML 报告...
  1. 读取交易数据...
  2. 计算回测指标...
  3. 读取最新报告...
  4. 生成 HTML 报告...
  5. 保存 HTML 文件...
  ✅ HTML 报告已生成: /root/.openclaw/workspace/btc_report_enhanced.html

============================================================
✅ 最终版 HTML 报告已生成
============================================================
📱 文件: /root/.openclaw/workspace/btc_report_enhanced.html
📊 所有指标显示问题已修复
📋 请复制文件或通过服务器访问
============================================================

[2026-02-21 21:00:04.098552] 报告生成完成！

步骤 5: 准备部署文件...

步骤 6: 部署到 Netlify...
​
Netlify Build                                                 
────────────────────────────────────────────────────────────────
​
❯ Version
  @netlify/build 35.5.14
​
❯ Flags
  accountId: 69994edcb8cb8d787815e18f
  deployId: 6999ac5904b57a73899517cb
​
❯ Current directory
  /root/.openclaw/workspace/netlify_deploy
​
❯ Config file
  No config file was defined: using default values.
​
❯ Context
  production

Deploying to Netlify
────────────────────────────────────────────────────────────────

Deploy path: /root/.openclaw/workspace/netlify_deploy

⠋ Uploading blobs to deploy store...

✔ Finished uploading blobs to deploy store
⠋ Hashing files...
⠋ Looking for a functions cache...
✔ No cached functions were found
✔ Finished hashing 
⠋ CDN diffing files...
✔ CDN requesting 1 files
⠋ Uploading 1 files
✔ Finished uploading 1 assets
⠋ Waiting for deploy to go live...
✔ Deploy is live!
​
Netlify Build Complete                                        
────────────────────────────────────────────────────────────────
​
(Netlify Build completed in 1.9s)

🚀 Deploy complete
────────────────────────────────────────────────────────────────

   ╭─────────────────── ⬥  Production deploy is live ⬥  ────────────────────╮
   │                                                                        │
   │   Deployed to production URL: https://btc-tracker-report.netlify.app   │
   │                                                                        │
   │                           Unique deploy URL:                           │
   │    https://6999ac5904b57a73899517cb--btc-tracker-report.netlify.app    │
   │                                                                        │
   ╰────────────────────────────────────────────────────────────────────────╯

Build logs:         https://app.netlify.com/projects/btc-tracker-report/deploys/6999ac5904b57a73899517cb
Function logs:      https://app.netlify.com/projects/btc-tracker-report/logs/functions
Edge function Logs: https://app.netlify.com/projects/btc-tracker-report/logs/edge-functions

==============================================
✅ 更新完成！
==============================================

🌐 访问网址:
  https://btc-tracker-report.netlify.app

📊 本次更新内容:
  • 市场分析完成
  • 策略复盘完成
  • 策略参数自动优化
  • 增强版 HTML 报告生成
  • 已部署到 Netlify

📋 新增功能:
  • 策略绩效分析（胜率、盈亏比、夏普比率）
  • 自动策略复盘（识别优势和劣势）
  • 自动参数优化（基于绩效自动调整）
  • 策略迭代历史记录

💡 提示:
  • 网址保持不变
  • 内容已自动更新
  • 可以在浏览器中刷新查看

⚠️ 本报告仅供参考，不构成投资建议
==============================================

==============================================
🔄 更新 BTC 交易报告
==============================================

步骤 1: 运行 BTC 市场分析...
[2026-02-21 22:00:01.835011] 开始 BTC 市场分析...
  1. 获取价格数据...
  2. 获取恐慌贪婪指数...
  3. 计算技术指标...
  4. 分析市场情绪...
  5. 生成交易策略...
  6. 记录交易信号...
[BTC Tracker] 记录交易: LONG @ $68219
  7. 生成报告...
  8. 保存报告...
  ✅ 报告已保存: /root/.openclaw/workspace/reports/btc_report_20260221_220002.txt
  9. 生成回测汇总...


📊 BTC 市场分析与交易策略报告
==================================================

🕐 报告时间: 2026-02-21 22:00:02

💰 当前价格
  • BTC/USD: $68,219.00
  • BTC/CNY: ¥471,311
  • 24h涨跌: +2.19%

📈 技术指标
  • SMA 6小时: $68,182.35
  • SMA 12小时: $68,167.42
  • RSI (14): 64.48
  • 波动率: $92
  • 价格位置: 96.3% (24h)

🎭 市场情绪: 偏多
  • 恐慌贪婪指数: 8 - Extreme Fear
  • 情绪评分: 2

  分析因素:
  • 极度恐慌: Extreme Fear (8) - 可能是买入机会
  • 24h变化 2.19% - 震荡整理
  • RSI 64.48 - 偏强
  • 价格位置 96.3% - 接近24h高位
  • 低波动率 (92) - 可能突破

🎯 1小时交易策略
  • 建议操作: LONG
  • 策略描述: 建议做多，关注上方阻力位突破
  • 风险等级: low

  价格点位:
  • 支撑位: $68,195.89
  • 阻力位: N/A
  • 止损位: $68,172.77
  • 止盈位: $68,311.45

  策略理由:
  • 价格站上短期均线，上升趋势
  • 上升趋势 + 多头情绪 + RSI未超买 = 适当做多机会

⚠️ 风险提示
  • 加密货币市场波动极大，请严格控制仓位
  • 本报告仅供参考，不构成投资建议
  • 交易有风险，投资需谨慎

==================================================


📊 回测统计
----------------------------------------
• 总收益率        : 0.94%
• 年化收益率       : 94.34%
• 最大回撤        : 2.21%
• 回撤持续时间      : 28.03 小时
• 夏普比率        : 2.7073
• 总交易次数       : 9
• 胜率          : 22.22%
• 初始资金        : $10,000
• 最终资金        : $10,094

================================================================================

[2026-02-21 22:00:02.712865] 分析完成!

步骤 2: 策略复盘...
[2026-02-21 22:00:02.887163] 开始策略复盘...
  1. 分析策略绩效...
  2. 生成复盘报告...
  3. 保存复盘报告...
  ✅ 报告已保存: /root/.openclaw/workspace/strategy_report.txt

暂无策略数据
[2026-02-21 22:00:02.887458] 策略复盘完成!

步骤 3: 策略参数优化...
[2026-02-21 22:00:03.009455] 开始策略参数优化...
  1. 基于绩效优化参数...
  [优化] 当前绩效: 胜率=22.22%, 最大回撤=2.21%, 夏普=1.70
  [优化] 检测到胜率过低，调整 RSI 阈值...
    • RSI 多: 20 -> 20
    • RSI 空: 80 -> 80
  2. 生成优化报告...
  ✅ 报告已保存: /root/.openclaw/workspace/strategy_report.txt


================================================================================
🤖 BTC 策略参数优化报告
================================================================================

🕐 优化时间: 2026-02-21 22:00:03
📊 优化时的绩效数据
------------------------------------------------
  • 胜率: 22.22%
  • 总收益率: 0.67%
  • 最大回撤: 2.21%
  • 夏普比率: 1.70
  • 盈亏比: 2.55
  • 总交易次数: 9

📈 参数优化结果
------------------------------------------------
  本次优化调整了以下参数:

  1. rsi_threshold
     旧值: 20 / 80
     新值: 20 / 80
     理由: 胜率过低，收紧做多信号，放宽做空信号


🎯 优化后的策略参数
------------------------------------------------
  • 做多信号 RSI 下限: 20
  • 做空信号 RSI 上限: 80
  • 是否需要趋势确认: True
  • 是否要求均线对齐: True
  • 波动率过滤: True
  • 默认风险等级: low

📊 策略迭代历史
------------------------------------------------
  • 总优化次数: 1
  • 上次优化: 2026-02-21T22:00:03.034749

💡 使用建议
------------------------------------------------
  • 新参数将在下次信号生成时生效
  • 建议监控接下来几次交易的表现
  • 如果绩效没有改善，系统会再次自动优化

================================================================================

[2026-02-21 22:00:03.035855] 策略参数优化完成!

步骤 4: 生成增强版 HTML 报告...
[2026-02-21 22:00:03.153906] 开始生成最终版 HTML 报告...
  1. 读取交易数据...
  2. 计算回测指标...
  3. 读取最新报告...
  4. 生成 HTML 报告...
  5. 保存 HTML 文件...
  ✅ HTML 报告已生成: /root/.openclaw/workspace/btc_report_enhanced.html

============================================================
✅ 最终版 HTML 报告已生成
============================================================
📱 文件: /root/.openclaw/workspace/btc_report_enhanced.html
📊 所有指标显示问题已修复
📋 请复制文件或通过服务器访问
============================================================

[2026-02-21 22:00:03.968404] 报告生成完成！

步骤 5: 准备部署文件...

步骤 6: 部署到 Netlify...
 ›   JSONHTTPError: Forbidden

==============================================
✅ 更新完成！
==============================================

🌐 访问网址:
  https://btc-tracker-report.netlify.app

📊 本次更新内容:
  • 市场分析完成
  • 策略复盘完成
  • 策略参数自动优化
  • 增强版 HTML 报告生成
  • 已部署到 Netlify

📋 新增功能:
  • 策略绩效分析（胜率、盈亏比、夏普比率）
  • 自动策略复盘（识别优势和劣势）
  • 自动参数优化（基于绩效自动调整）
  • 策略迭代历史记录

💡 提示:
  • 网址保持不变
  • 内容已自动更新
  • 可以在浏览器中刷新查看

⚠️ 本报告仅供参考，不构成投资建议
==============================================

