[2026-03-13 08:00:01] [INFO] ==========================================
[2026-03-13 08:00:01] [INFO] 📚 Arxiv 论文日报任务
[2026-03-13 08:00:01] [INFO] ==========================================
[2026-03-13 08:00:01] [INFO] ==========================================
[2026-03-13 08:00:01] [INFO] 🚀 开始执行任务: arxiv_analysis
[2026-03-13 08:00:01] [INFO] 📝 命令: python3 arxiv_quant_daily.py
[2026-03-13 08:00:01] [INFO] 🔄 最大重试次数: 2
[2026-03-13 08:00:01] [INFO] ==========================================
[2026-03-13 08:00:02] ============================================================
[2026-03-13 08:00:02] 🚀 Arxiv 量化投资论文日报任务开始
[2026-03-13 08:00:02] ============================================================
[2026-03-13 08:00:02] 🔍 开始搜索 arXiv 论文...
[2026-03-13 08:00:02] ✅ 找到 20 篇相关论文
[2026-03-13 08:00:02] ✅ 选中论文: AlgoXpert Alpha Research Framework. A Rigorous IS WFA OOS Protocol for Mitigating Overfitting in Quantitative Strategies
[2026-03-13 08:00:02]    得分: 20.5
[2026-03-13 08:00:02]    类别: q-fin.PM
[2026-03-13 08:00:02] 📖 开始分析论文...
[2026-03-13 08:00:02] ✅ 论文分析完成
[2026-03-13 08:00:02] ✅ Markdown 文档生成完成
[2026-03-13 08:00:02] ✅ 飞书文档专用 Markdown 生成完成
[2026-03-13 08:00:02] ✅ 文档已保存到知识库: /root/.openclaw/workspace/knowledge_base/arxiv_quant/arxiv_quant_20260313.md
[2026-03-13 08:00:02] ✅ 临时论文数据已保存: /root/.openclaw/workspace/temp_arxiv_paper.json
[2026-03-13 08:00:02] ✅ 临时报告已保存: /root/.openclaw/workspace/temp_arxiv_report.md
[2026-03-13 08:00:02] ✅ 飞书文档专用报告已保存: /root/.openclaw/workspace/temp_feishu_report.md
[2026-03-13 08:00:02] 📝 开始创建飞书文档...
[2026-03-13 08:00:02]    ⚠️ 注意：此功能需要主会话的飞书工具支持
[2026-03-13 08:00:02]    当前脚本无法直接调用飞书工具，将由主会话处理
[2026-03-13 08:00:02] ✅ 已创建待处理标记: /root/.openclaw/workspace/.arxiv_pending
[2026-03-13 08:00:02] ============================================================
[2026-03-13 08:00:02] ✅ 任务完成
[2026-03-13 08:00:02] 📄 论文: AlgoXpert Alpha Research Framework. A Rigorous IS WFA OOS Protocol for Mitigating Overfitting in Quantitative Strategies
[2026-03-13 08:00:02] 💾 知识库: /root/.openclaw/workspace/knowledge_base/arxiv_quant/arxiv_quant_20260313.md
[2026-03-13 08:00:02] 📝 临时文件已保存，主会话将自动处理飞书消息和文档创建
[2026-03-13 08:00:02] ============================================================

✅ Arxiv 量化投资论文日报任务执行成功
📝 临时文件已保存，等待主会话处理
[2026-03-13 08:00:02] [INFO] ✅ 任务执行成功
[2026-03-13 08:00:02] [INFO] ⏱️  执行时间: 1秒
[2026-03-13 08:00:02] [INFO] ==========================================

[2026-03-13 08:00:02] [INFO] 📤 发送飞书消息...
[2026-03-13 08:00:02] [INFO] ⚠️  飞书消息发送由主会话处理
[2026-03-13 08:00:02] [INFO] ✅ Arxiv 论文日报任务完成
