[2026-03-12 10:00:02] [INFO] ==========================================
[2026-03-12 10:00:02] [INFO] 🔄 BTC 完整更新流水线
[2026-03-12 10:00:02] [INFO] ==========================================
[2026-03-12 10:00:02] [INFO] ==========================================
[2026-03-12 10:00:02] [INFO] 🚀 开始执行任务: btc_analysis
[2026-03-12 10:00:02] [INFO] 📝 命令: task_btc_advanced_analysis
[2026-03-12 10:00:02] [INFO] 🔄 最大重试次数: 2
[2026-03-12 10:00:02] [INFO] ==========================================
[2026-03-12 10:00:02] [INFO] 📊 BTC 高级市场分析任务
[2026-03-12 10:00:02.924438] 开始 BTC 高级市场分析...
  初始化分析器...
  1. 获取价格数据...
  2. 获取恐慌贪婪指数...
  3. 计算技术指标...
  4. 量价因子分析...
  5. 链上资金分析...
  6. 市场情绪分析...
  7. 宏观新闻分析...
  8. X舆情分析...
  9. 复盘与迭代...
  10. 计算回测统计...
     ✅ 总交易次数: 823
     ✅ 总收益率: 1.93%
     ✅ 胜率: 23.45%
  11. 生成交易策略...
     ✅ 建议操作: HOLD
  13. 生成报告...
  ✅ 报告已保存: /root/.openclaw/workspace/reports/btc_advanced_report_20260312_100007.txt


📊 BTC 多维度市场分析与交易策略报告
============================================================

🕐 报告时间: 2026-03-12 10:00:07

💰 当前价格
  • BTC/USD: $69,833.00
  • BTC/CNY: ¥480,036
  • 24h涨跌: -0.35%

────────────────────────────────────────────────────────────
📈 技术指标
────────────────────────────────────────────────────────────
  • SMA 6小时: $69,860.11
  • SMA 12小时: $69,909.65
  • RSI (14): 49.89
  • 波动率: $179
  • 价格位置: 3.0% (24h)

────────────────────────────────────────────────────────────
🔬 量价因子分析
────────────────────────────────────────────────────────────
  • 价格趋势: bearish
  • 成交量趋势: stable
  • 量价相关性: 0.00
  • 信号强度: moderate

────────────────────────────────────────────────────────────
⛓️ 链上资金情况
────────────────────────────────────────────────────────────
  • 多空比: 1.20
  • 资金费率: 0.0100%
  • 鲸鱼交易笔数: 0
  • 鲸鱼转移BTC: 0.00
  • 鲸鱼活动: moderate
  • 数据来源: Coinglass
  • 注: 免费API限制，使用默认值

────────────────────────────────────────────────────────────
🎭 市场情绪分析
────────────────────────────────────────────────────────────
  • 综合情绪: bullish
  • 情绪评分: 43.0
  • 恐慌贪婪指数: 18 - Extreme Fear

  关键因素:
  • 恐慌贪婪指数: 18 - Extreme Fear
  • 多空比: 1.20 (看多)

────────────────────────────────────────────────────────────
📰 宏观新闻分析
────────────────────────────────────────────────────────────
  • 整体影响: neutral
  • 置信度: low

  关键事件:

────────────────────────────────────────────────────────────
🐦 X (Twitter) 市场舆情
────────────────────────────────────────────────────────────
  • 整体情绪: neutral
  • 正面提及: 0
  • 负面提及: 0
  • 中性提及: 0
  • 情绪比: 1.00
  • 总提及: 0
  • 趋势: unknown
  • 热门关键词: bitcoin, crypto
  • 数据来源: Nitter
  • 注: Nitter API 不稳定，建议使用官方API

────────────────────────────────────────────────────────────
📋 复盘与迭代
────────────────────────────────────────────────────────────
  • 总预测次数: 190
  • 最近准确率: 0.0%
  • 改进建议:
    - 预测准确率低于60%，需要调整权重

────────────────────────────────────────────────────────────
🎯 1小时交易策略
────────────────────────────────────────────────────────────
  • 建议操作: HOLD
  • 策略描述: 当前方向不明，建议观望
  • 风险等级: low

  价格点位:
  • 支撑位: $69,649.18
  • 阻力位: $70,008.67
  • 止损位: $69,613.24
  • 止盈位: $70,044.61

  策略理由:
  • 价格趋势: bearish
  • 恐慌贪婪指数: 18 - 极度恐慌
  • 综合情绪: bullish
  • RSI: 49.89

============================================================
⚠️ 风险提示
  • 加密货币市场波动极大，请严格控制仓位
  • 本报告仅供参考，不构成投资建议
  • 交易有风险，投资需谨慎

============================================================

📊 回测统计（关键指标）
------------------------------------------------------------
• 总收益率        : 1.93%
• 年化收益率       : 16906.80%
• 最大回撤        : 1.89%
• 夏普比率        : 1.0193
• 总交易次数       : 823
• 胜率          : 23.45%
• 初始资金        : $10,000
• 最终资金        : $10,193

============================================================

[2026-03-12 10:00:07.822565] 高级分析完成!
[2026-03-12 10:00:07] [INFO] ✅ BTC 高级分析完成
[2026-03-12 10:00:07] [INFO] ✅ 任务执行成功
[2026-03-12 10:00:08] [INFO] ⏱️  执行时间: 5秒
[2026-03-12 10:00:08] [INFO] ==========================================

[2026-03-12 10:00:08] [INFO] ==========================================
[2026-03-12 10:00:08] [INFO] 🚀 开始执行任务: html_generation
[2026-03-12 10:00:08] [INFO] 📝 命令: task_generate_html
[2026-03-12 10:00:08] [INFO] 🔄 最大重试次数: 2
[2026-03-12 10:00:08] [INFO] ==========================================
[2026-03-12 10:00:08] [INFO] 📄 生成 HTML 报告任务
[2026-03-12 10:00:18] [INFO] ✅ HTML 报告生成完成
[2026-03-12 10:00:18] [INFO] ✅ 任务执行成功
[2026-03-12 10:00:18] [INFO] ⏱️  执行时间: 10秒
[2026-03-12 10:00:18] [INFO] ==========================================

[2026-03-12 10:00:18] [INFO] ==========================================
[2026-03-12 10:00:18] [INFO] 🚀 开始执行任务: github_push
[2026-03-12 10:00:18] [INFO] 📝 命令: task_push_github
[2026-03-12 10:00:18] [INFO] 🔄 最大重试次数: 2
[2026-03-12 10:00:18] [INFO] ==========================================
[2026-03-12 10:00:18] [INFO] 🚀 推送到 GitHub Pages 任务
[master 065087e] Update BTC 市场分析报告 - 2026-03-12 10:00:18
 17 files changed, 2081 insertions(+), 1 deletion(-)
 delete mode 100644 .arxiv_pending
 create mode 100644 ARXIV_FIX_SUMMARY.md
 create mode 100644 NEW_CRONTAB.txt
 create mode 100644 TASK_MANAGER_README.md
 create mode 100644 TASK_OPTIMIZATION_PLAN.md
 create mode 100755 arxiv_daily_with_notification.sh
 create mode 100644 crontab_backup_20260312_095538.txt
 create mode 100644 logs/btc_pipeline.log
 create mode 100644 logs/task_manager.log
 create mode 100644 memory/2026-03-12.md
 create mode 100755 migrate_crontab.sh
 create mode 100644 reports/btc_advanced_report_20260312_090022.txt
 create mode 100644 reports/btc_advanced_report_20260312_100007.txt
 create mode 100755 task_manager.sh
 create mode 100644 task_stats.json
To github.com:violayifan/btc-tracker-report.git
   fdd1fc6..065087e  master -> master
[2026-03-12 10:00:20] [INFO] ✅ 推送验证成功
[2026-03-12 10:00:20] [INFO] ✅ GitHub Pages 推送完成
[2026-03-12 10:00:20] [INFO] ✅ 任务执行成功
[2026-03-12 10:00:20] [INFO] ⏱️  执行时间: 2秒
[2026-03-12 10:00:20] [INFO] ==========================================

[2026-03-12 10:00:20] [INFO] 🌐 网址: https://violayifan.github.io/btc-tracker-report
[2026-03-12 10:00:20] [INFO] ✅ BTC 完整流水线执行成功
[2026-03-12 11:00:01] [INFO] ==========================================
[2026-03-12 11:00:01] [INFO] 🔄 BTC 完整更新流水线
[2026-03-12 11:00:01] [INFO] ==========================================
[2026-03-12 11:00:01] [INFO] ==========================================
[2026-03-12 11:00:01] [INFO] 🚀 开始执行任务: btc_analysis
[2026-03-12 11:00:01] [INFO] 📝 命令: task_btc_advanced_analysis
[2026-03-12 11:00:01] [INFO] 🔄 最大重试次数: 2
[2026-03-12 11:00:01] [INFO] ==========================================
[2026-03-12 11:00:01] [INFO] 📊 BTC 高级市场分析任务
[2026-03-12 11:00:02.386573] 开始 BTC 高级市场分析...
  初始化分析器...
  1. 获取价格数据...
  2. 获取恐慌贪婪指数...
  3. 计算技术指标...
  4. 量价因子分析...
  5. 链上资金分析...
  6. 市场情绪分析...
  7. 宏观新闻分析...
  8. X舆情分析...
  9. 复盘与迭代...
  10. 计算回测统计...
     ✅ 总交易次数: 823
     ✅ 总收益率: 1.93%
     ✅ 胜率: 23.45%
  11. 生成交易策略...
     ✅ 建议操作: HOLD
  13. 生成报告...
  ✅ 报告已保存: /root/.openclaw/workspace/reports/btc_advanced_report_20260312_110008.txt


📊 BTC 多维度市场分析与交易策略报告
============================================================

🕐 报告时间: 2026-03-12 11:00:08

💰 当前价格
  • BTC/USD: $69,319.00
  • BTC/CNY: ¥476,824
  • 24h涨跌: -0.64%

────────────────────────────────────────────────────────────
📈 技术指标
────────────────────────────────────────────────────────────
  • SMA 6小时: $69,422.88
  • SMA 12小时: $69,564.35
  • RSI (14): 49.86
  • 波动率: $219
  • 价格位置: 4.0% (24h)

────────────────────────────────────────────────────────────
🔬 量价因子分析
────────────────────────────────────────────────────────────
  • 价格趋势: bearish
  • 成交量趋势: stable
  • 量价相关性: 0.00
  • 信号强度: moderate

────────────────────────────────────────────────────────────
⛓️ 链上资金情况
────────────────────────────────────────────────────────────
  • 多空比: 1.20
  • 资金费率: 0.0100%
  • 鲸鱼交易笔数: 0
  • 鲸鱼转移BTC: 0.00
  • 鲸鱼活动: moderate
  • 数据来源: Coinglass
  • 注: 免费API限制，使用默认值

────────────────────────────────────────────────────────────
🎭 市场情绪分析
────────────────────────────────────────────────────────────
  • 综合情绪: bullish
  • 情绪评分: 43.0
  • 恐慌贪婪指数: 18 - Extreme Fear

  关键因素:
  • 恐慌贪婪指数: 18 - Extreme Fear
  • 多空比: 1.20 (看多)

────────────────────────────────────────────────────────────
📰 宏观新闻分析
────────────────────────────────────────────────────────────
  • 整体影响: neutral
  • 置信度: low

  关键事件:
  📉 Current price of Bitcoin for March 10 , 2026 (20260310T170000Z)
  📉 Current price of Bitcoin for March 9 , 2026 (20260309T180000Z)
  📉 Bitcoin Has Only a 5 % Chance of Hitting $150 , 000 by June , According to Prediction Markets -- Here Why Im Not Taking Those Odds at Face Value (20260309T060000Z)
  📉 Traders Are Paying Just Pennies for  Yes  on $150 , 000 Bitcoin by March -- What That Implies for the Next Leg of This Rally (20260309T124500Z)
  📉  [ 단독 ] 검찰 분실 비트코인 320개 , 작년 8월 21일 분실 ... 출처는 도박사이트 압수물 (20260127T023000Z)

────────────────────────────────────────────────────────────
🐦 X (Twitter) 市场舆情
────────────────────────────────────────────────────────────
  • 整体情绪: neutral
  • 正面提及: 0
  • 负面提及: 0
  • 中性提及: 0
  • 情绪比: 1.00
  • 总提及: 0
  • 趋势: unknown
  • 热门关键词: bitcoin, crypto
  • 数据来源: Nitter
  • 注: Nitter API 不稳定，建议使用官方API

────────────────────────────────────────────────────────────
📋 复盘与迭代
────────────────────────────────────────────────────────────
  • 总预测次数: 190
  • 最近准确率: 0.0%
  • 改进建议:
    - 预测准确率低于60%，需要调整权重

────────────────────────────────────────────────────────────
🎯 1小时交易策略
────────────────────────────────────────────────────────────
  • 建议操作: HOLD
  • 策略描述: 当前方向不明，建议观望
  • 风险等级: low

  价格点位:
  • 支撑位: $69,099.72
  • 阻力位: $69,538.13
  • 止损位: $69,055.88
  • 止盈位: $69,581.97

  策略理由:
  • 价格趋势: bearish
  • 恐慌贪婪指数: 18 - 极度恐慌
  • 综合情绪: bullish
  • RSI: 49.86

============================================================
⚠️ 风险提示
  • 加密货币市场波动极大，请严格控制仓位
  • 本报告仅供参考，不构成投资建议
  • 交易有风险，投资需谨慎

============================================================

📊 回测统计（关键指标）
------------------------------------------------------------
• 总收益率        : 1.93%
• 年化收益率       : 16906.80%
• 最大回撤        : 1.89%
• 夏普比率        : 1.0193
• 总交易次数       : 823
• 胜率          : 23.45%
• 初始资金        : $10,000
• 最终资金        : $10,193

============================================================

[2026-03-12 11:00:08.508260] 高级分析完成!
[2026-03-12 11:00:08] [INFO] ✅ BTC 高级分析完成
[2026-03-12 11:00:08] [INFO] ✅ 任务执行成功
[2026-03-12 11:00:08] [INFO] ⏱️  执行时间: 7秒
[2026-03-12 11:00:08] [INFO] ==========================================

[2026-03-12 11:00:08] [INFO] ==========================================
[2026-03-12 11:00:08] [INFO] 🚀 开始执行任务: html_generation
[2026-03-12 11:00:08] [INFO] 📝 命令: task_generate_html
[2026-03-12 11:00:08] [INFO] 🔄 最大重试次数: 2
[2026-03-12 11:00:08] [INFO] ==========================================
[2026-03-12 11:00:08] [INFO] 📄 生成 HTML 报告任务
[2026-03-12 11:00:18] [INFO] ✅ HTML 报告生成完成
[2026-03-12 11:00:18] [INFO] ✅ 任务执行成功
[2026-03-12 11:00:18] [INFO] ⏱️  执行时间: 10秒
[2026-03-12 11:00:18] [INFO] ==========================================

[2026-03-12 11:00:18] [INFO] ==========================================
[2026-03-12 11:00:18] [INFO] 🚀 开始执行任务: github_push
[2026-03-12 11:00:18] [INFO] 📝 命令: task_push_github
[2026-03-12 11:00:18] [INFO] 🔄 最大重试次数: 2
[2026-03-12 11:00:18] [INFO] ==========================================
[2026-03-12 11:00:18] [INFO] 🚀 推送到 GitHub Pages 任务
[master 634dc47] Update BTC 市场分析报告 - 2026-03-12 11:00:18
 6 files changed, 533 insertions(+), 3 deletions(-)
 create mode 100644 miromind_oil_analysis_fixed.md
 create mode 100644 reports/btc_advanced_report_20260312_100721.txt
 create mode 100644 reports/btc_advanced_report_20260312_110008.txt
To github.com:violayifan/btc-tracker-report.git
   065087e..634dc47  master -> master
[2026-03-12 11:00:19] [INFO] ✅ 推送验证成功
[2026-03-12 11:00:19] [INFO] ✅ GitHub Pages 推送完成
[2026-03-12 11:00:19] [INFO] ✅ 任务执行成功
[2026-03-12 11:00:19] [INFO] ⏱️  执行时间: 1秒
[2026-03-12 11:00:19] [INFO] ==========================================

[2026-03-12 11:00:19] [INFO] 🌐 网址: https://violayifan.github.io/btc-tracker-report
[2026-03-12 11:00:19] [INFO] ✅ BTC 完整流水线执行成功
[2026-03-12 12:00:01] [INFO] ==========================================
[2026-03-12 12:00:01] [INFO] 🔄 BTC 完整更新流水线
[2026-03-12 12:00:01] [INFO] ==========================================
[2026-03-12 12:00:01] [INFO] ==========================================
[2026-03-12 12:00:01] [INFO] 🚀 开始执行任务: btc_analysis
[2026-03-12 12:00:01] [INFO] 📝 命令: task_btc_advanced_analysis
[2026-03-12 12:00:01] [INFO] 🔄 最大重试次数: 2
[2026-03-12 12:00:01] [INFO] ==========================================
[2026-03-12 12:00:01] [INFO] 📊 BTC 高级市场分析任务
[2026-03-12 12:00:02.311526] 开始 BTC 高级市场分析...
  初始化分析器...
  1. 获取价格数据...
  2. 获取恐慌贪婪指数...
  3. 计算技术指标...
  4. 量价因子分析...
  5. 链上资金分析...
  6. 市场情绪分析...
  7. 宏观新闻分析...
  8. X舆情分析...
  9. 复盘与迭代...
  10. 计算回测统计...
     ✅ 总交易次数: 823
     ✅ 总收益率: 1.93%
     ✅ 胜率: 23.45%
  11. 生成交易策略...
     ✅ 建议操作: HOLD
  13. 生成报告...
  ✅ 报告已保存: /root/.openclaw/workspace/reports/btc_advanced_report_20260312_120005.txt


📊 BTC 多维度市场分析与交易策略报告
============================================================

🕐 报告时间: 2026-03-12 12:00:05

💰 当前价格
  • BTC/USD: $69,434.00
  • BTC/CNY: ¥477,701
  • 24h涨跌: -0.22%

────────────────────────────────────────────────────────────
📈 技术指标
────────────────────────────────────────────────────────────
  • SMA 6小时: $69,481.16
  • SMA 12小时: $69,437.91
  • RSI (14): 50.04
  • 波动率: $153
  • 价格位置: 26.4% (24h)

────────────────────────────────────────────────────────────
🔬 量价因子分析
────────────────────────────────────────────────────────────
  • 价格趋势: bearish
  • 成交量趋势: stable
  • 量价相关性: 0.00
  • 信号强度: moderate

────────────────────────────────────────────────────────────
⛓️ 链上资金情况
────────────────────────────────────────────────────────────
  • 多空比: 1.20
  • 资金费率: 0.0100%
  • 鲸鱼交易笔数: 0
  • 鲸鱼转移BTC: 0.00
  • 鲸鱼活动: moderate
  • 数据来源: Coinglass
  • 注: 免费API限制，使用默认值

────────────────────────────────────────────────────────────
🎭 市场情绪分析
────────────────────────────────────────────────────────────
  • 综合情绪: bullish
  • 情绪评分: 43.0
  • 恐慌贪婪指数: 18 - Extreme Fear

  关键因素:
  • 恐慌贪婪指数: 18 - Extreme Fear
  • 多空比: 1.20 (看多)

────────────────────────────────────────────────────────────
📰 宏观新闻分析
────────────────────────────────────────────────────────────
  • 整体影响: neutral
  • 置信度: low

  关键事件:

────────────────────────────────────────────────────────────
🐦 X (Twitter) 市场舆情
────────────────────────────────────────────────────────────
  • 整体情绪: neutral
  • 正面提及: 0
  • 负面提及: 0
  • 中性提及: 0
  • 情绪比: 1.00
  • 总提及: 0
  • 趋势: unknown
  • 热门关键词: bitcoin, crypto
  • 数据来源: Nitter
  • 注: Nitter API 不稳定，建议使用官方API

────────────────────────────────────────────────────────────
📋 复盘与迭代
────────────────────────────────────────────────────────────
  • 总预测次数: 190
  • 最近准确率: 0.0%
  • 改进建议:
    - 预测准确率低于60%，需要调整权重

────────────────────────────────────────────────────────────
🎯 1小时交易策略
────────────────────────────────────────────────────────────
  • 建议操作: HOLD
  • 策略描述: 当前方向不明，建议观望
  • 风险等级: low

  价格点位:
  • 支撑位: $69,286.77
  • 阻力位: $69,594.04
  • 止损位: $69,256.04
  • 止盈位: $69,624.77

  策略理由:
  • 价格趋势: bearish
  • 恐慌贪婪指数: 18 - 极度恐慌
  • 综合情绪: bullish
  • RSI: 50.04

============================================================
⚠️ 风险提示
  • 加密货币市场波动极大，请严格控制仓位
  • 本报告仅供参考，不构成投资建议
  • 交易有风险，投资需谨慎

============================================================

📊 回测统计（关键指标）
------------------------------------------------------------
• 总收益率        : 1.93%
• 年化收益率       : 16906.80%
• 最大回撤        : 1.89%
• 夏普比率        : 1.0193
• 总交易次数       : 823
• 胜率          : 23.45%
• 初始资金        : $10,000
• 最终资金        : $10,193

============================================================

[2026-03-12 12:00:05.690745] 高级分析完成!
[2026-03-12 12:00:05] [INFO] ✅ BTC 高级分析完成
[2026-03-12 12:00:05] [INFO] ✅ 任务执行成功
[2026-03-12 12:00:05] [INFO] ⏱️  执行时间: 4秒
[2026-03-12 12:00:05] [INFO] ==========================================

[2026-03-12 12:00:05] [INFO] ==========================================
[2026-03-12 12:00:05] [INFO] 🚀 开始执行任务: html_generation
[2026-03-12 12:00:05] [INFO] 📝 命令: task_generate_html
[2026-03-12 12:00:05] [INFO] 🔄 最大重试次数: 2
[2026-03-12 12:00:05] [INFO] ==========================================
[2026-03-12 12:00:05] [INFO] 📄 生成 HTML 报告任务
[2026-03-12 12:00:15] [INFO] ✅ HTML 报告生成完成
[2026-03-12 12:00:15] [INFO] ✅ 任务执行成功
[2026-03-12 12:00:15] [INFO] ⏱️  执行时间: 10秒
[2026-03-12 12:00:15] [INFO] ==========================================

[2026-03-12 12:00:15] [INFO] ==========================================
[2026-03-12 12:00:15] [INFO] 🚀 开始执行任务: github_push
[2026-03-12 12:00:15] [INFO] 📝 命令: task_push_github
[2026-03-12 12:00:15] [INFO] 🔄 最大重试次数: 2
[2026-03-12 12:00:15] [INFO] ==========================================
[2026-03-12 12:00:15] [INFO] 🚀 推送到 GitHub Pages 任务
