[2026-03-13 09:00:01] [INFO] ==========================================
[2026-03-13 09:00:01] [INFO] 🏥 任务健康检查
[2026-03-13 09:00:01] [INFO] ==========================================
[2026-03-13 09:00:01] [INFO] ✅ Git 仓库状态正常
[2026-03-13 09:00:01] [INFO] ✅ 文件存在: btc_advanced_monitor_v2.py
[2026-03-13 09:00:01] [INFO] ✅ 文件存在: arxiv_quant_daily.py
[2026-03-13 09:00:01] [INFO] ✅ 文件存在: task_manager.sh
[2026-03-13 09:00:01] [INFO] 📄 /root/.openclaw/workspace/logs/task_manager.log: 64K
[2026-03-13 09:00:01] [INFO] 📄 /root/.openclaw/workspace/arxiv_quant_daily.log: 48K
[2026-03-13 09:00:01] [INFO] 📄 /root/.openclaw/workspace/auto_update.log: 3.4M
[2026-03-13 09:00:02] [INFO] ✅ Python 依赖正常
[2026-03-13 09:00:02] [INFO] ✅ 磁盘空间充足: 52%
[2026-03-13 09:00:02] [INFO] ==========================================
[2026-03-13 09:00:02] [INFO] ✅ 健康检查通过，无问题
[2026-03-13 09:00:02] [INFO] ==========================================
[2026-03-14 09:00:01] [INFO] ==========================================
[2026-03-14 09:00:01] [INFO] 🏥 任务健康检查
[2026-03-14 09:00:01] [INFO] ==========================================
[2026-03-14 09:00:02] [INFO] ✅ Git 仓库状态正常
[2026-03-14 09:00:02] [INFO] ✅ 文件存在: btc_advanced_monitor_v2.py
[2026-03-14 09:00:02] [INFO] ✅ 文件存在: arxiv_quant_daily.py
[2026-03-14 09:00:02] [INFO] ✅ 文件存在: task_manager.sh
[2026-03-14 09:00:02] [INFO] 📄 /root/.openclaw/workspace/logs/task_manager.log: 120K
[2026-03-14 09:00:02] [INFO] 📄 /root/.openclaw/workspace/arxiv_quant_daily.log: 52K
[2026-03-14 09:00:02] [INFO] 📄 /root/.openclaw/workspace/auto_update.log: 3.4M
[2026-03-14 09:00:02] [INFO] ✅ Python 依赖正常
[2026-03-14 09:00:02] [INFO] ✅ 磁盘空间充足: 52%
[2026-03-14 09:00:02] [INFO] ==========================================
[2026-03-14 09:00:02] [INFO] ✅ 健康检查通过，无问题
[2026-03-14 09:00:02] [INFO] ==========================================
[2026-03-15 09:00:01] [INFO] ==========================================
[2026-03-15 09:00:01] [INFO] 🏥 任务健康检查
[2026-03-15 09:00:01] [INFO] ==========================================
[2026-03-15 09:00:01] [INFO] ✅ Git 仓库状态正常
[2026-03-15 09:00:01] [INFO] ✅ 文件存在: btc_advanced_monitor_v2.py
[2026-03-15 09:00:01] [INFO] ✅ 文件存在: arxiv_quant_daily.py
[2026-03-15 09:00:01] [INFO] ✅ 文件存在: task_manager.sh
[2026-03-15 09:00:01] [INFO] 📄 /root/.openclaw/workspace/logs/task_manager.log: 180K
[2026-03-15 09:00:01] [INFO] 📄 /root/.openclaw/workspace/arxiv_quant_daily.log: 52K
[2026-03-15 09:00:01] [INFO] 📄 /root/.openclaw/workspace/auto_update.log: 3.4M
[2026-03-15 09:00:01] [INFO] ✅ Python 依赖正常
[2026-03-15 09:00:01] [INFO] ✅ 磁盘空间充足: 52%
[2026-03-15 09:00:01] [INFO] ==========================================
[2026-03-15 09:00:01] [INFO] ✅ 健康检查通过，无问题
[2026-03-15 09:00:01] [INFO] ==========================================
[2026-03-16 09:00:01] [INFO] ==========================================
[2026-03-16 09:00:01] [INFO] 🏥 任务健康检查
[2026-03-16 09:00:01] [INFO] ==========================================
[2026-03-16 09:00:01] [INFO] ✅ Git 仓库状态正常
[2026-03-16 09:00:01] [INFO] ✅ 文件存在: btc_advanced_monitor_v2.py
[2026-03-16 09:00:01] [INFO] ✅ 文件存在: arxiv_quant_daily.py
[2026-03-16 09:00:01] [INFO] ✅ 文件存在: task_manager.sh
[2026-03-16 09:00:01] [INFO] 📄 /root/.openclaw/workspace/logs/task_manager.log: 244K
[2026-03-16 09:00:01] [INFO] 📄 /root/.openclaw/workspace/arxiv_quant_daily.log: 56K
[2026-03-16 09:00:01] [INFO] 📄 /root/.openclaw/workspace/auto_update.log: 3.4M
[2026-03-16 09:00:02] [INFO] ✅ Python 依赖正常
[2026-03-16 09:00:02] [INFO] ✅ 磁盘空间充足: 51%
[2026-03-16 09:00:02] [INFO] ==========================================
[2026-03-16 09:00:02] [INFO] ✅ 健康检查通过，无问题
[2026-03-16 09:00:02] [INFO] ==========================================
[2026-03-17 09:00:01] [INFO] ==========================================
[2026-03-17 09:00:01] [INFO] 🏥 任务健康检查
[2026-03-17 09:00:01] [INFO] ==========================================
[2026-03-17 09:00:01] [INFO] ✅ Git 仓库状态正常
[2026-03-17 09:00:01] [INFO] ✅ 文件存在: btc_advanced_monitor_v2.py
[2026-03-17 09:00:01] [INFO] ✅ 文件存在: arxiv_quant_daily.py
[2026-03-17 09:00:01] [INFO] ✅ 文件存在: task_manager.sh
[2026-03-17 09:00:01] [INFO] 📄 /root/.openclaw/workspace/logs/task_manager.log: 308K
[2026-03-17 09:00:01] [INFO] 📄 /root/.openclaw/workspace/arxiv_quant_daily.log: 56K
[2026-03-17 09:00:01] [INFO] 📄 /root/.openclaw/workspace/auto_update.log: 3.4M
[2026-03-17 09:00:02] [INFO] ✅ Python 依赖正常
[2026-03-17 09:00:02] [INFO] ✅ 磁盘空间充足: 52%
[2026-03-17 09:00:02] [INFO] ==========================================
[2026-03-17 09:00:02] [INFO] ✅ 健康检查通过，无问题
[2026-03-17 09:00:02] [INFO] ==========================================
[2026-03-18 09:00:01] [INFO] ==========================================
[2026-03-18 09:00:01] [INFO] 🏥 任务健康检查
[2026-03-18 09:00:01] [INFO] ==========================================
[2026-03-18 09:00:01] [INFO] ✅ Git 仓库状态正常
[2026-03-18 09:00:01] [INFO] ✅ 文件存在: btc_advanced_monitor_v2.py
[2026-03-18 09:00:01] [INFO] ✅ 文件存在: arxiv_quant_daily.py
[2026-03-18 09:00:01] [INFO] ✅ 文件存在: task_manager.sh
[2026-03-18 09:00:01] [INFO] 📄 /root/.openclaw/workspace/logs/task_manager.log: 368K
[2026-03-18 09:00:01] [INFO] 📄 /root/.openclaw/workspace/arxiv_quant_daily.log: 60K
[2026-03-18 09:00:01] [INFO] 📄 /root/.openclaw/workspace/auto_update.log: 3.4M
[2026-03-18 09:00:02] [INFO] ✅ Python 依赖正常
[2026-03-18 09:00:02] [INFO] ✅ 磁盘空间充足: 52%
[2026-03-18 09:00:02] [INFO] ==========================================
[2026-03-18 09:00:02] [INFO] ✅ 健康检查通过，无问题
[2026-03-18 09:00:02] [INFO] ==========================================
[2026-03-19 09:00:01] [INFO] ==========================================
[2026-03-19 09:00:01] [INFO] 🏥 任务健康检查
[2026-03-19 09:00:01] [INFO] ==========================================
[2026-03-19 09:00:01] [INFO] ✅ Git 仓库状态正常
[2026-03-19 09:00:01] [INFO] ✅ 文件存在: btc_advanced_monitor_v2.py
[2026-03-19 09:00:01] [INFO] ✅ 文件存在: arxiv_quant_daily.py
[2026-03-19 09:00:01] [INFO] ✅ 文件存在: task_manager.sh
[2026-03-19 09:00:01] [INFO] 📄 /root/.openclaw/workspace/logs/task_manager.log: 432K
[2026-03-19 09:00:01] [INFO] 📄 /root/.openclaw/workspace/arxiv_quant_daily.log: 60K
[2026-03-19 09:00:01] [INFO] 📄 /root/.openclaw/workspace/auto_update.log: 3.4M
[2026-03-19 09:00:02] [INFO] ✅ Python 依赖正常
[2026-03-19 09:00:02] [INFO] ✅ 磁盘空间充足: 52%
[2026-03-19 09:00:02] [INFO] ==========================================
[2026-03-19 09:00:02] [INFO] ✅ 健康检查通过，无问题
[2026-03-19 09:00:02] [INFO] ==========================================
[2026-03-20 09:00:01] [INFO] ==========================================
[2026-03-20 09:00:01] [INFO] 🏥 任务健康检查
[2026-03-20 09:00:01] [INFO] ==========================================
[2026-03-20 09:00:01] [INFO] ✅ Git 仓库状态正常
[2026-03-20 09:00:01] [INFO] ✅ 文件存在: btc_advanced_monitor_v2.py
[2026-03-20 09:00:01] [INFO] ✅ 文件存在: arxiv_quant_daily.py
[2026-03-20 09:00:01] [INFO] ✅ 文件存在: task_manager.sh
[2026-03-20 09:00:01] [INFO] 📄 /root/.openclaw/workspace/logs/task_manager.log: 496K
[2026-03-20 09:00:01] [INFO] 📄 /root/.openclaw/workspace/arxiv_quant_daily.log: 64K
[2026-03-20 09:00:01] [INFO] 📄 /root/.openclaw/workspace/auto_update.log: 3.4M
[2026-03-20 09:00:02] [INFO] ✅ Python 依赖正常
[2026-03-20 09:00:02] [INFO] ✅ 磁盘空间充足: 52%
[2026-03-20 09:00:02] [INFO] ==========================================
[2026-03-20 09:00:02] [INFO] ✅ 健康检查通过，无问题
[2026-03-20 09:00:02] [INFO] ==========================================
[2026-03-21 09:00:01] [INFO] ==========================================
[2026-03-21 09:00:01] [INFO] 🏥 任务健康检查
[2026-03-21 09:00:01] [INFO] ==========================================
[2026-03-21 09:00:01] [INFO] ✅ Git 仓库状态正常
[2026-03-21 09:00:01] [INFO] ✅ 文件存在: btc_advanced_monitor_v2.py
[2026-03-21 09:00:01] [INFO] ✅ 文件存在: arxiv_quant_daily.py
[2026-03-21 09:00:01] [INFO] ✅ 文件存在: task_manager.sh
[2026-03-21 09:00:01] [INFO] 📄 /root/.openclaw/workspace/logs/task_manager.log: 556K
[2026-03-21 09:00:01] [INFO] 📄 /root/.openclaw/workspace/arxiv_quant_daily.log: 64K
[2026-03-21 09:00:01] [INFO] 📄 /root/.openclaw/workspace/auto_update.log: 3.4M
[2026-03-21 09:00:02] [INFO] ✅ Python 依赖正常
[2026-03-21 09:00:02] [INFO] ✅ 磁盘空间充足: 52%
[2026-03-21 09:00:02] [INFO] ==========================================
[2026-03-21 09:00:02] [INFO] ✅ 健康检查通过，无问题
[2026-03-21 09:00:02] [INFO] ==========================================
[2026-03-22 09:00:01] [INFO] ==========================================
[2026-03-22 09:00:01] [INFO] 🏥 任务健康检查
[2026-03-22 09:00:01] [INFO] ==========================================
[2026-03-22 09:00:01] [INFO] ✅ Git 仓库状态正常
[2026-03-22 09:00:01] [INFO] ✅ 文件存在: btc_advanced_monitor_v2.py
[2026-03-22 09:00:01] [INFO] ✅ 文件存在: arxiv_quant_daily.py
[2026-03-22 09:00:01] [INFO] ✅ 文件存在: task_manager.sh
[2026-03-22 09:00:02] [INFO] 📄 /root/.openclaw/workspace/logs/task_manager.log: 620K
[2026-03-22 09:00:02] [INFO] 📄 /root/.openclaw/workspace/arxiv_quant_daily.log: 68K
[2026-03-22 09:00:02] [INFO] 📄 /root/.openclaw/workspace/auto_update.log: 3.4M
[2026-03-22 09:00:02] [INFO] ✅ Python 依赖正常
[2026-03-22 09:00:02] [INFO] ✅ 磁盘空间充足: 52%
[2026-03-22 09:00:02] [INFO] ==========================================
[2026-03-22 09:00:02] [INFO] ✅ 健康检查通过，无问题
[2026-03-22 09:00:02] [INFO] ==========================================
[2026-03-23 09:00:01] [INFO] ==========================================
[2026-03-23 09:00:01] [INFO] 🏥 任务健康检查
[2026-03-23 09:00:01] [INFO] ==========================================
[2026-03-23 09:00:01] [INFO] ✅ Git 仓库状态正常
[2026-03-23 09:00:01] [INFO] ✅ 文件存在: btc_advanced_monitor_v2.py
[2026-03-23 09:00:01] [INFO] ✅ 文件存在: arxiv_quant_daily.py
[2026-03-23 09:00:01] [INFO] ✅ 文件存在: task_manager.sh
[2026-03-23 09:00:01] [INFO] 📄 /root/.openclaw/workspace/logs/task_manager.log: 684K
[2026-03-23 09:00:01] [INFO] 📄 /root/.openclaw/workspace/arxiv_quant_daily.log: 68K
[2026-03-23 09:00:01] [INFO] 📄 /root/.openclaw/workspace/auto_update.log: 3.4M
[2026-03-23 09:00:02] [INFO] ✅ Python 依赖正常
[2026-03-23 09:00:02] [INFO] ✅ 磁盘空间充足: 55%
[2026-03-23 09:00:02] [INFO] ==========================================
[2026-03-23 09:00:02] [INFO] ✅ 健康检查通过，无问题
[2026-03-23 09:00:02] [INFO] ==========================================
[2026-03-24 09:00:01] [INFO] ==========================================
[2026-03-24 09:00:01] [INFO] 🏥 任务健康检查
[2026-03-24 09:00:01] [INFO] ==========================================
[2026-03-24 09:00:01] [INFO] ✅ Git 仓库状态正常
[2026-03-24 09:00:01] [INFO] ✅ 文件存在: btc_advanced_monitor_v2.py
[2026-03-24 09:00:01] [INFO] ✅ 文件存在: arxiv_quant_daily.py
[2026-03-24 09:00:01] [INFO] ✅ 文件存在: task_manager.sh
[2026-03-24 09:00:01] [INFO] 📄 /root/.openclaw/workspace/logs/task_manager.log: 744K
[2026-03-24 09:00:01] [INFO] 📄 /root/.openclaw/workspace/arxiv_quant_daily.log: 72K
[2026-03-24 09:00:01] [INFO] 📄 /root/.openclaw/workspace/auto_update.log: 3.4M
[2026-03-24 09:00:01] [INFO] ✅ Python 依赖正常
[2026-03-24 09:00:02] [INFO] ✅ 磁盘空间充足: 56%
[2026-03-24 09:00:02] [INFO] ==========================================
[2026-03-24 09:00:02] [INFO] ✅ 健康检查通过，无问题
[2026-03-24 09:00:02] [INFO] ==========================================
[2026-03-25 09:00:02] [INFO] ==========================================
[2026-03-25 09:00:02] [INFO] 🏥 任务健康检查
[2026-03-25 09:00:02] [INFO] ==========================================
[2026-03-25 09:00:02] [INFO] ✅ Git 仓库状态正常
[2026-03-25 09:00:02] [INFO] ✅ 文件存在: btc_advanced_monitor_v2.py
[2026-03-25 09:00:02] [INFO] ✅ 文件存在: arxiv_quant_daily.py
[2026-03-25 09:00:02] [INFO] ✅ 文件存在: task_manager.sh
[2026-03-25 09:00:02] [INFO] 📄 /root/.openclaw/workspace/logs/task_manager.log: 808K
[2026-03-25 09:00:02] [INFO] 📄 /root/.openclaw/workspace/arxiv_quant_daily.log: 72K
[2026-03-25 09:00:02] [INFO] 📄 /root/.openclaw/workspace/auto_update.log: 3.4M
[2026-03-25 09:00:02] [INFO] ✅ Python 依赖正常
[2026-03-25 09:00:02] [INFO] ✅ 磁盘空间充足: 56%
[2026-03-25 09:00:02] [INFO] ==========================================
[2026-03-25 09:00:02] [INFO] ✅ 健康检查通过，无问题
[2026-03-25 09:00:02] [INFO] ==========================================
[2026-03-26 09:00:02] [INFO] ==========================================
[2026-03-26 09:00:02] [INFO] 🏥 任务健康检查
[2026-03-26 09:00:02] [INFO] ==========================================
[2026-03-26 09:00:02] [INFO] ✅ Git 仓库状态正常
[2026-03-26 09:00:02] [INFO] ✅ 文件存在: btc_advanced_monitor_v2.py
[2026-03-26 09:00:02] [INFO] ✅ 文件存在: arxiv_quant_daily.py
[2026-03-26 09:00:02] [INFO] ✅ 文件存在: task_manager.sh
[2026-03-26 09:00:02] [INFO] 📄 /root/.openclaw/workspace/logs/task_manager.log: 872K
[2026-03-26 09:00:02] [INFO] 📄 /root/.openclaw/workspace/arxiv_quant_daily.log: 76K
[2026-03-26 09:00:02] [INFO] 📄 /root/.openclaw/workspace/auto_update.log: 3.4M
[2026-03-26 09:00:02] [INFO] ✅ Python 依赖正常
[2026-03-26 09:00:02] [INFO] ✅ 磁盘空间充足: 56%
[2026-03-26 09:00:02] [INFO] ==========================================
[2026-03-26 09:00:02] [INFO] ✅ 健康检查通过，无问题
[2026-03-26 09:00:02] [INFO] ==========================================
