[2026-03-28 16:00:02] [INFO] ==========================================
[2026-03-28 16:00:02] [INFO] 🔄 BTC 完整更新流水线
[2026-03-28 16:00:02] [INFO] ==========================================
[2026-03-28 16:00:02] [INFO] ==========================================
[2026-03-28 16:00:02] [INFO] 🚀 开始执行任务: btc_analysis
[2026-03-28 16:00:02] [INFO] 📝 命令: task_btc_advanced_analysis
[2026-03-28 16:00:02] [INFO] 🔄 最大重试次数: 2
[2026-03-28 16:00:02] [INFO] ==========================================
[2026-03-28 16:00:02] [INFO] 📊 BTC 高级市场分析任务
[2026-03-28 16:00:09] [INFO] ✅ BTC 高级分析完成
[2026-03-28 16:00:09] [INFO] ✅ 任务执行成功
[2026-03-28 16:00:09] [INFO] ⏱️  执行时间: 7秒
[2026-03-28 16:00:09] [INFO] ==========================================
[2026-03-28 16:00:10] [INFO] ==========================================
[2026-03-28 16:00:10] [INFO] 🚀 开始执行任务: html_generation
[2026-03-28 16:00:10] [INFO] 📝 命令: task_generate_html
[2026-03-28 16:00:10] [INFO] 🔄 最大重试次数: 2
[2026-03-28 16:00:10] [INFO] ==========================================
[2026-03-28 16:00:10] [INFO] 📄 生成 HTML 报告任务
[2026-03-28 16:00:20] [INFO] ✅ HTML 报告生成完成
[2026-03-28 16:00:20] [INFO] ✅ 任务执行成功
[2026-03-28 16:00:20] [INFO] ⏱️  执行时间: 10秒
[2026-03-28 16:00:20] [INFO] ==========================================
[2026-03-28 16:00:20] [INFO] ==========================================
[2026-03-28 16:00:20] [INFO] 🚀 开始执行任务: github_push
[2026-03-28 16:00:20] [INFO] 📝 命令: task_push_github
[2026-03-28 16:00:20] [INFO] 🔄 最大重试次数: 2
[2026-03-28 16:00:20] [INFO] ==========================================
[2026-03-28 16:00:20] [INFO] 🚀 推送到 GitHub Pages 任务
